Component: Arm Compiler for Embedded 6.23 Tool: armlink [5f102400]

==============================================================================

Section Cross References

    startup_stm32f103xb.o(RESET) refers to startup_stm32f103xb.o(STACK) for __initial_sp
    startup_stm32f103xb.o(RESET) refers to startup_stm32f103xb.o(.text) for Reset_Handler
    startup_stm32f103xb.o(RESET) refers to stm32f1xx_it.o(.text.NMI_Handler) for NMI_Handler
    startup_stm32f103xb.o(RESET) refers to stm32f1xx_it.o(.text.HardFault_Handler) for HardFault_Handler
    startup_stm32f103xb.o(RESET) refers to stm32f1xx_it.o(.text.MemManage_Handler) for MemManage_Handler
    startup_stm32f103xb.o(RESET) refers to stm32f1xx_it.o(.text.BusFault_Handler) for BusFault_Handler
    startup_stm32f103xb.o(RESET) refers to stm32f1xx_it.o(.text.UsageFault_Handler) for UsageFault_Handler
    startup_stm32f103xb.o(RESET) refers to stm32f1xx_it.o(.text.SVC_Handler) for SVC_Handler
    startup_stm32f103xb.o(RESET) refers to stm32f1xx_it.o(.text.DebugMon_Handler) for DebugMon_Handler
    startup_stm32f103xb.o(RESET) refers to stm32f1xx_it.o(.text.PendSV_Handler) for PendSV_Handler
    startup_stm32f103xb.o(RESET) refers to stm32f1xx_it.o(.text.SysTick_Handler) for SysTick_Handler
    startup_stm32f103xb.o(RESET) refers to stm32f1xx_it.o(.text.EXTI0_IRQHandler) for EXTI0_IRQHandler
    startup_stm32f103xb.o(RESET) refers to stm32f1xx_it.o(.text.USB_LP_CAN1_RX0_IRQHandler) for USB_LP_CAN1_RX0_IRQHandler
    startup_stm32f103xb.o(RESET) refers to stm32f1xx_it.o(.text.TIM1_BRK_IRQHandler) for TIM1_BRK_IRQHandler
    startup_stm32f103xb.o(RESET) refers to stm32f1xx_it.o(.text.TIM1_UP_IRQHandler) for TIM1_UP_IRQHandler
    startup_stm32f103xb.o(RESET) refers to stm32f1xx_it.o(.text.TIM1_TRG_COM_IRQHandler) for TIM1_TRG_COM_IRQHandler
    startup_stm32f103xb.o(RESET) refers to stm32f1xx_it.o(.text.TIM2_IRQHandler) for TIM2_IRQHandler
    startup_stm32f103xb.o(RESET) refers to stm32f1xx_it.o(.text.I2C2_EV_IRQHandler) for I2C2_EV_IRQHandler
    startup_stm32f103xb.o(RESET) refers to stm32f1xx_it.o(.text.USART1_IRQHandler) for USART1_IRQHandler
    startup_stm32f103xb.o(.text) refers to system_stm32f1xx.o(.text.SystemInit) for SystemInit
    startup_stm32f103xb.o(.text) refers to entry.o(.ARM.Collect$$$$00000000) for __main
    main.o(.text) refers (Special) to _scanf_int.o(.text) for _scanf_int
    main.o(.text.main) refers (Special) to _scanf_int.o(.text) for _scanf_int
    main.o(.text.main) refers to stm32f1xx_hal.o(.text.HAL_Init) for HAL_Init
    main.o(.text.main) refers to stm32f1xx_hal_rcc.o(.text.HAL_RCC_OscConfig) for HAL_RCC_OscConfig
    main.o(.text.main) refers to stm32f1xx_hal_rcc.o(.text.HAL_RCC_ClockConfig) for HAL_RCC_ClockConfig
    main.o(.text.main) refers to stm32f1xx_hal_rcc_ex.o(.text.HAL_RCCEx_PeriphCLKConfig) for HAL_RCCEx_PeriphCLKConfig
    main.o(.text.main) refers to gpio.o(.text.MX_GPIO_Init) for MX_GPIO_Init
    main.o(.text.main) refers to main.o(.data..L_MergedGlobals) for .L_MergedGlobals
    main.o(.text.main) refers to ffixui.o(.text) for __aeabi_f2uiz
    main.o(.text.main) refers to tim.o(.text.MX_TIM2_Init) for MX_TIM2_Init
    main.o(.text.main) refers to usb_device.o(.text.MX_USB_DEVICE_Init) for MX_USB_DEVICE_Init
    main.o(.text.main) refers to tim.o(.text.MX_TIM4_Init) for MX_TIM4_Init
    main.o(.text.main) refers to tim.o(.text.MX_TIM3_Init) for MX_TIM3_Init
    main.o(.text.main) refers to i2c.o(.text.MX_I2C2_Init) for MX_I2C2_Init
    main.o(.text.main) refers to tim.o(.text.MX_TIM1_Init) for MX_TIM1_Init
    main.o(.text.main) refers to usart.o(.text.MX_USART1_UART_Init) for MX_USART1_UART_Init
    main.o(.text.main) refers to tim.o(.bss.htim1) for htim1
    main.o(.text.main) refers to stm32f1xx_hal_tim.o(.text.HAL_TIM_Base_Start_IT) for HAL_TIM_Base_Start_IT
    main.o(.text.main) refers to tim.o(.bss.htim3) for htim3
    main.o(.text.main) refers to main.o(.bss..L_MergedGlobals.5) for .L_MergedGlobals.5
    main.o(.text.main) refers to usart.o(.bss.huart1) for huart1
    main.o(.text.main) refers to stm32f1xx_hal_uart.o(.text.HAL_UART_Receive_IT) for HAL_UART_Receive_IT
    main.o(.text.main) refers to stm32f1xx_hal_cortex.o(.text.HAL_NVIC_SetPriority) for HAL_NVIC_SetPriority
    main.o(.text.main) refers to stm32f1xx_hal_cortex.o(.text.HAL_NVIC_EnableIRQ) for HAL_NVIC_EnableIRQ
    main.o(.text.main) refers to mpu6050.o(.text.mpu_begin) for mpu_begin
    main.o(.text.main) refers to mpu6050.o(.text.MPU_Init) for MPU_Init
    main.o(.text.main) refers to mpu6050.o(.text.MPU_Set_LPF) for MPU_Set_LPF
    main.o(.text.main) refers to stm32f1xx_hal.o(.text.HAL_Delay) for HAL_Delay
    main.o(.text.main) refers to tim.o(.bss.htim2) for htim2
    main.o(.text.main) refers to stm32f1xx_hal_tim.o(.text.HAL_TIM_PWM_Start) for HAL_TIM_PWM_Start
    main.o(.text.main) refers to stm32f1xx_hal_tim.o(.text.HAL_TIM_Encoder_Start) for HAL_TIM_Encoder_Start
[...]
    USART3_IRQHandler                        0x0800011b   Thumb Code     0  startup_stm32f103xb.o(.text)
    USBWakeUp_IRQHandler                     0x0800011b   Thumb Code     0  startup_stm32f103xb.o(.text)
    USB_HP_CAN1_TX_IRQHandler                0x0800011b   Thumb Code     0  startup_stm32f103xb.o(.text)
    WWDG_IRQHandler                          0x0800011b   Thumb Code     0  startup_stm32f103xb.o(.text)
    __aeabi_memcpy                           0x08000125   Thumb Code    36  memcpya.o(.text)
    __aeabi_memcpy4                          0x08000125   Thumb Code     0  memcpya.o(.text)
    __aeabi_memcpy8                          0x08000125   Thumb Code     0  memcpya.o(.text)
    __0sscanf                                0x08000149   Thumb Code    48  __0sscanf.o(.text)
    _scanf_int                               0x08000181   Thumb Code   332  _scanf_int.o(.text)
    __aeabi_fadd                             0x080002cd   Thumb Code   164  fadd.o(.text)
    __aeabi_fsub                             0x08000371   Thumb Code     6  fadd.o(.text)
    __aeabi_frsub                            0x08000377   Thumb Code     6  fadd.o(.text)
    __aeabi_fmul                             0x0800037d   Thumb Code   100  fmul.o(.text)
    __aeabi_fdiv                             0x080003e1   Thumb Code   124  fdiv.o(.text)
    __aeabi_dadd                             0x0800045d   Thumb Code   322  dadd.o(.text)
    __aeabi_dsub                             0x0800059f   Thumb Code     6  dadd.o(.text)
    __aeabi_drsub                            0x080005a5   Thumb Code     6  dadd.o(.text)
    __aeabi_dmul                             0x080005ab   Thumb Code   228  dmul.o(.text)
    __aeabi_ddiv                             0x0800068f   Thumb Code   222  ddiv.o(.text)
    __aeabi_fcmple                           0x0800076d   Thumb Code    28  fcmple.o(.text)
    __aeabi_fcmplt                           0x08000789   Thumb Code    28  fcmplt.o(.text)
    __aeabi_fcmpge                           0x080007a5   Thumb Code    28  fcmpge.o(.text)
    __aeabi_fcmpgt                           0x080007c1   Thumb Code    28  fcmpgt.o(.text)
    __aeabi_fcmpeq                           0x080007dd   Thumb Code    28  fcmpeq.o(.text)
    __aeabi_i2f                              0x080007f9   Thumb Code    18  fflti.o(.text)
    __aeabi_ui2f                             0x0800080b   Thumb Code    10  ffltui.o(.text)
    __aeabi_i2d                              0x08000815   Thumb Code    34  dflti.o(.text)
    __aeabi_f2iz                             0x08000837   Thumb Code    50  ffixi.o(.text)
    __aeabi_f2uiz                            0x08000869   Thumb Code    40  ffixui.o(.text)
    __aeabi_f2d                              0x08000891   Thumb Code    38  f2d.o(.text)
    __aeabi_d2f                              0x080008b7   Thumb Code    56  d2f.o(.text)
    __aeabi_uidiv                            0x080008ef   Thumb Code     0  uidiv.o(.text)
    __aeabi_uidivmod                         0x080008ef   Thumb Code    44  uidiv.o(.text)
    __aeabi_uldivmod                         0x0800091b   Thumb Code    98  uldiv.o(.text)
    __aeabi_llsl                             0x0800097d   Thumb Code    30  llshl.o(.text)
    _ll_shift_l                              0x0800097d   Thumb Code     0  llshl.o(.text)
    __aeabi_lasr                             0x0800099b   Thumb Code    36  llsshr.o(.text)
    _ll_sshift_r                             0x0800099b   Thumb Code     0  llsshr.o(.text)
    _chval                                   0x080009bf   Thumb Code    28  _chval.o(.text)
    __vfscanf_char                           0x080009e9   Thumb Code    20  scanf_char.o(.text)
    _sgetc                                   0x08000a05   Thumb Code    30  _sgetc.o(.text)
    _sbackspace                              0x08000a23   Thumb Code    34  _sgetc.o(.text)
    __I$use$fp                               0x08000a45   Thumb Code     0  iusefp.o(.text)
    _float_round                             0x08000a45   Thumb Code    18  fepilogue.o(.text)
    _float_epilogue                          0x08000a57   Thumb Code    92  fepilogue.o(.text)
    _double_round                            0x08000ab3   Thumb Code    30  depilogue.o(.text)
    _double_epilogue                         0x08000ad1   Thumb Code   156  depilogue.o(.text)
    __aeabi_d2ulz                            0x08000b6d   Thumb Code    48  dfixul.o(.text)
    __aeabi_cdcmpeq                          0x08000b9d   Thumb Code     0  cdcmple.o(.text)
    __aeabi_cdcmple                          0x08000b9d   Thumb Code    48  cdcmple.o(.text)
    __aeabi_cdrcmple                         0x08000bcd   Thumb Code    48  cdrcmple.o(.text)
    __scatterload                            0x08000bfd   Thumb Code    38  init.o(.text)
    __scatterload_rt2                        0x08000bfd   Thumb Code     0  init.o(.text)
    __aeabi_llsr                             0x08000c2d   Thumb Code    32  llushr.o(.text)
    _ll_ushift_r                             0x08000c2d   Thumb Code     0  llushr.o(.text)
    isspace                                  0x08000c4d   Thumb Code    10  isspace_c.o(.text)
    __vfscanf                                0x08000c59   Thumb Code   808  _scanf.o(.text)
    __ARM_scalbn                             0x08000f85   Thumb Code    46  dscalb.o(.text)
    scalbn                                   0x08000f85   Thumb Code     0  dscalb.o(.text)
    __ctype_lookup                           0x08000fb5   Thumb Code    34  ctype_c.o(.text)
    __decompress                             0x08000fdd   Thumb Code     0  __dczerorl2.o(.text)
    __decompress1                            0x08000fdd   Thumb Code    86  __dczerorl2.o(.text)
    BusFault_Handler                         0x08001035   Thumb Code     2  stm32f1xx_it.o(.text.BusFault_Handler)
    DebugMon_Handler                         0x080010b5   Thumb Code     2  stm32f1xx_it.o(.text.DebugMon_Handler)
    EXTI0_IRQHandler                         0x080010b9   Thumb Code     6  stm32f1xx_it.o(.text.EXTI0_IRQHandler)
    Error_Handler                            0x080010c1   Thumb Code    10  main.o(.text.Error_Handler)
    HAL_DMA_Abort                            0x080010cd   Thumb Code    70  stm32f1xx_hal_dma.o(.text.HAL_DMA_Abort)
    HAL_DMA_Abort_IT                         0x08001115   Thumb Code   182  stm32f1xx_hal_dma.o(.text.HAL_DMA_Abort_IT)
    HAL_DMA_GetState                         0x080011cd   Thumb Code     6  stm32f1xx_hal_dma.o(.text.HAL_DMA_GetState)
    HAL_Delay                                0x080011d5   Thumb Code    40  stm32f1xx_hal.o(.text.HAL_Delay)
    HAL_GPIO_EXTI_Callback                   0x080011fd   Thumb Code     2  stm32f1xx_hal_gpio.o(.text.HAL_GPIO_EXTI_Callback)
    HAL_GPIO_EXTI_IRQHandler                 0x08001201   Thumb Code    22  stm32f1xx_hal_gpio.o(.text.HAL_GPIO_EXTI_IRQHandler)
    HAL_GPIO_Init                            0x08001219   Thumb Code   526  stm32f1xx_hal_gpio.o(.text.HAL_GPIO_Init)
    HAL_GPIO_ReadPin                         0x08001429   Thumb Code    10  stm32f1xx_hal_gpio.o(.text.HAL_GPIO_ReadPin)
    HAL_GPIO_WritePin                        0x08001435   Thumb Code    10  stm32f1xx_hal_gpio.o(.text.HAL_GPIO_WritePin)
    HAL_GetTick                              0x08001441   Thumb Code    12  stm32f1xx_hal.o(.text.HAL_GetTick)
    HAL_I2C_AbortCpltCallback                0x0800144d   Thumb Code     2  stm32f1xx_hal_i2c.o(.text.HAL_I2C_AbortCpltCallback)
    HAL_I2C_AddrCallback                     0x08001451   Thumb Code     2  stm32f1xx_hal_i2c.o(.text.HAL_I2C_AddrCallback)
    HAL_I2C_EV_IRQHandler                    0x08001455   Thumb Code  1614  stm32f1xx_hal_i2c.o(.text.HAL_I2C_EV_IRQHandler)
    HAL_I2C_ErrorCallback                    0x08001aa5   Thumb Code     2  stm32f1xx_hal_i2c.o(.text.HAL_I2C_ErrorCallback)
    HAL_I2C_Init                             0x08001aa9   Thumb Code   356  stm32f1xx_hal_i2c.o(.text.HAL_I2C_Init)
    HAL_I2C_ListenCpltCallback               0x08001c0d   Thumb Code     2  stm32f1xx_hal_i2c.o(.text.HAL_I2C_ListenCpltCallback)
    HAL_I2C_MasterRxCpltCallback             0x08001c11   Thumb Code     2  stm32f1xx_hal_i2c.o(.text.HAL_I2C_MasterRxCpltCallback)
    HAL_I2C_MasterTxCpltCallback             0x08001c15   Thumb Code     2  stm32f1xx_hal_i2c.o(.text.HAL_I2C_MasterTxCpltCallback)
    HAL_I2C_MemRxCpltCallback                0x08001c19   Thumb Code     2  stm32f1xx_hal_i2c.o(.text.HAL_I2C_MemRxCpltCallback)
    HAL_I2C_MemTxCpltCallback                0x08001c1d   Thumb Code     2  stm32f1xx_hal_i2c.o(.text.HAL_I2C_MemTxCpltCallback)
    HAL_I2C_Mem_Read                         0x08001c21   Thumb Code   842  stm32f1xx_hal_i2c.o(.text.HAL_I2C_Mem_Read)
    HAL_I2C_Mem_Write                        0x08001f6d   Thumb Code   348  stm32f1xx_hal_i2c.o(.text.HAL_I2C_Mem_Write)
    HAL_I2C_MspInit                          0x080020c9   Thumb Code   124  i2c.o(.text.HAL_I2C_MspInit)
    HAL_I2C_SlaveRxCpltCallback              0x08002145   Thumb Code     2  stm32f1xx_hal_i2c.o(.text.HAL_I2C_SlaveRxCpltCallback)
    HAL_I2C_SlaveTxCpltCallback              0x08002149   Thumb Code     2  stm32f1xx_hal_i2c.o(.text.HAL_I2C_SlaveTxCpltCallback)
    HAL_IncTick                              0x0800214d   Thumb Code    26  stm32f1xx_hal.o(.text.HAL_IncTick)
    HAL_Init                                 0x08002169   Thumb Code    38  stm32f1xx_hal.o(.text.HAL_Init)
    HAL_InitTick                             0x08002191   Thumb Code    72  stm32f1xx_hal.o(.text.HAL_InitTick)
    HAL_MspInit                              0x080021d9   Thumb Code    66  stm32f1xx_hal_msp.o(.text.HAL_MspInit)
    HAL_NVIC_EnableIRQ                       0x0800221d   Thumb Code    34  stm32f1xx_hal_cortex.o(.text.HAL_NVIC_EnableIRQ)
    HAL_NVIC_SetPriority                     0x08002241   Thumb Code    86  stm32f1xx_hal_cortex.o(.text.HAL_NVIC_SetPriority)
    HAL_NVIC_SetPriorityGrouping             0x08002299   Thumb Code    32  stm32f1xx_hal_cortex.o(.text.HAL_NVIC_SetPriorityGrouping)
    HAL_PCDEx_PMAConfig                      0x080022b9   Thumb Code    76  stm32f1xx_hal_pcd_ex.o(.text.HAL_PCDEx_PMAConfig)
    HAL_PCDEx_SetConnectionState             0x08002305   Thumb Code     2  usbd_conf.o(.text.HAL_PCDEx_SetConnectionState)
    HAL_PCD_DataInStageCallback              0x08002309   Thumb Code    20  usbd_conf.o(.text.HAL_PCD_DataInStageCallback)
    HAL_PCD_DataOutStageCallback             0x0800231d   Thumb Code    22  usbd_conf.o(.text.HAL_PCD_DataOutStageCallback)
    HAL_PCD_EP_Close                         0x08002335   Thumb Code    80  stm32f1xx_hal_pcd.o(.text.HAL_PCD_EP_Close)
    HAL_PCD_EP_ClrStall                      0x08002385   Thumb Code    96  stm32f1xx_hal_pcd.o(.text.HAL_PCD_EP_ClrStall)
    HAL_PCD_EP_GetRxCount                    0x080023e5   Thumb Code    18  stm32f1xx_hal_pcd.o(.text.HAL_PCD_EP_GetRxCount)
    HAL_PCD_EP_Open                          0x080023f9   Thumb Code    92  stm32f1xx_hal_pcd.o(.text.HAL_PCD_EP_Open)
    HAL_PCD_EP_Receive                       0x08002455   Thumb Code    50  stm32f1xx_hal_pcd.o(.text.HAL_PCD_EP_Receive)
    HAL_PCD_EP_SetStall                      0x08002489   Thumb Code   108  stm32f1xx_hal_pcd.o(.text.HAL_PCD_EP_SetStall)
    HAL_PCD_EP_Transmit                      0x080024f5   Thumb Code    54  stm32f1xx_hal_pcd.o(.text.HAL_PCD_EP_Transmit)
    HAL_PCD_IRQHandler                       0x0800252d   Thumb Code  2362  stm32f1xx_hal_pcd.o(.text.HAL_PCD_IRQHandler)
    HAL_PCD_Init                             0x08002e69   Thumb Code   582  stm32f1xx_hal_pcd.o(.text.HAL_PCD_Init)
    HAL_PCD_MspInit                          0x080030b1   Thumb Code    68  usbd_conf.o(.text.HAL_PCD_MspInit)
    HAL_PCD_ResetCallback                    0x080030f5   Thumb Code    36  usbd_conf.o(.text.HAL_PCD_ResetCallback)
    HAL_PCD_ResumeCallback                   0x08003119   Thumb Code     8  usbd_conf.o(.text.HAL_PCD_ResumeCallback)
    HAL_PCD_SOFCallback                      0x08003121   Thumb Code     8  usbd_conf.o(.text.HAL_PCD_SOFCallback)
    HAL_PCD_SetAddress                       0x08003129   Thumb Code    40  stm32f1xx_hal_pcd.o(.text.HAL_PCD_SetAddress)
    HAL_PCD_SetupStageCallback               0x08003151   Thumb Code    14  usbd_conf.o(.text.HAL_PCD_SetupStageCallback)
    HAL_PCD_Start                            0x08003161   Thumb Code    52  stm32f1xx_hal_pcd.o(.text.HAL_PCD_Start)
    HAL_PCD_SuspendCallback                  0x08003195   Thumb Code    38  usbd_conf.o(.text.HAL_PCD_SuspendCallback)
    HAL_RCCEx_PeriphCLKConfig                0x080031bd   Thumb Code   258  stm32f1xx_hal_rcc_ex.o(.text.HAL_RCCEx_PeriphCLKConfig)
    HAL_RCC_ClockConfig                      0x080032c1   Thumb Code   442  stm32f1xx_hal_rcc.o(.text.HAL_RCC_ClockConfig)
    HAL_RCC_GetPCLK1Freq                     0x0800347d   Thumb Code    38  stm32f1xx_hal_rcc.o(.text.HAL_RCC_GetPCLK1Freq)
    HAL_RCC_GetPCLK2Freq                     0x080034a5   Thumb Code    38  stm32f1xx_hal_rcc.o(.text.HAL_RCC_GetPCLK2Freq)
    HAL_RCC_OscConfig                        0x080034cd   Thumb Code  1024  stm32f1xx_hal_rcc.o(.text.HAL_RCC_OscConfig)
    HAL_SYSTICK_Config                       0x080038cd   Thumb Code    44  stm32f1xx_hal_cortex.o(.text.HAL_SYSTICK_Config)
    HAL_TIMEx_BreakCallback                  0x080038f9   Thumb Code     2  stm32f1xx_hal_tim_ex.o(.text.HAL_TIMEx_BreakCallback)
    HAL_TIMEx_CommutCallback                 0x080038fd   Thumb Code     2  stm32f1xx_hal_tim_ex.o(.text.HAL_TIMEx_CommutCallback)
    HAL_TIMEx_MasterConfigSynchronization    0x08003901   Thumb Code   126  stm32f1xx_hal_tim_ex.o(.text.HAL_TIMEx_MasterConfigSynchronization)
    HAL_TIM_Base_Init                        0x08003981   Thumb Code   250  stm32f1xx_hal_tim.o(.text.HAL_TIM_Base_Init)
    HAL_TIM_Base_MspInit                     0x08003a7d   Thumb Code   100  tim.o(.text.HAL_TIM_Base_MspInit)
    HAL_TIM_Base_Start_IT                    0x08003ae1   Thumb Code   110  stm32f1xx_hal_tim.o(.text.HAL_TIM_Base_Start_IT)
    HAL_TIM_ConfigClockSource                0x08003b51   Thumb Code   416  stm32f1xx_hal_tim.o(.text.HAL_TIM_ConfigClockSource)
    HAL_TIM_Encoder_Init                     0x08003cf1   Thumb Code   346  stm32f1xx_hal_tim.o(.text.HAL_TIM_Encoder_Init)
    HAL_TIM_Encoder_MspInit                  0x08003e4d   Thumb Code   172  tim.o(.text.HAL_TIM_Encoder_MspInit)
    HAL_TIM_Encoder_Start                    0x08003ef9   Thumb Code   188  stm32f1xx_hal_tim.o(.text.HAL_TIM_Encoder_Start)
    HAL_TIM_IC_CaptureCallback               0x08003fb5   Thumb Code   556  main.o(.text.HAL_TIM_IC_CaptureCallback)
    HAL_TIM_IRQHandler                       0x080041e1   Thumb Code   334  stm32f1xx_hal_tim.o(.text.HAL_TIM_IRQHandler)
    HAL_TIM_OC_DelayElapsedCallback          0x08004331   Thumb Code     2  stm32f1xx_hal_tim.o(.text.HAL_TIM_OC_DelayElapsedCallback)
    HAL_TIM_PWM_ConfigChannel                0x08004335   Thumb Code   516  stm32f1xx_hal_tim.o(.text.HAL_TIM_PWM_ConfigChannel)
    HAL_TIM_PWM_Init                         0x08004539   Thumb Code   250  stm32f1xx_hal_tim.o(.text.HAL_TIM_PWM_Init)
    HAL_TIM_PWM_MspInit                      0x08004635   Thumb Code    62  tim.o(.text.HAL_TIM_PWM_MspInit)
    HAL_TIM_PWM_PulseFinishedCallback        0x08004675   Thumb Code     2  stm32f1xx_hal_tim.o(.text.HAL_TIM_PWM_PulseFinishedCallback)
    HAL_TIM_PWM_Start                        0x08004679   Thumb Code   218  stm32f1xx_hal_tim.o(.text.HAL_TIM_PWM_Start)
    HAL_TIM_PWM_Stop                         0x08004755   Thumb Code   166  stm32f1xx_hal_tim.o(.text.HAL_TIM_PWM_Stop)
    HAL_TIM_PeriodElapsedCallback            0x080047fd   Thumb Code    32  main.o(.text.HAL_TIM_PeriodElapsedCallback)
    HAL_TIM_ReadCapturedValue                0x0800481d   Thumb Code    22  stm32f1xx_hal_tim.o(.text.HAL_TIM_ReadCapturedValue)
    HAL_TIM_TriggerCallback                  0x08004835   Thumb Code     2  stm32f1xx_hal_tim.o(.text.HAL_TIM_TriggerCallback)
    HAL_UARTEx_RxEventCallback               0x08004839   Thumb Code     2  stm32f1xx_hal_uart.o(.text.HAL_UARTEx_RxEventCallback)
    HAL_UART_ErrorCallback                   0x0800483d   Thumb Code     2  stm32f1xx_hal_uart.o(.text.HAL_UART_ErrorCallback)
    HAL_UART_IRQHandler                      0x08004841   Thumb Code  1392  stm32f1xx_hal_uart.o(.text.HAL_UART_IRQHandler)
    HAL_UART_Init                            0x08004db1   Thumb Code   226  stm32f1xx_hal_uart.o(.text.HAL_UART_Init)
    HAL_UART_MspInit                         0x08004e95   Thumb Code   142  usart.o(.text.HAL_UART_MspInit)
    HAL_UART_Receive_IT                      0x08004f25   Thumb Code    84  stm32f1xx_hal_uart.o(.text.HAL_UART_Receive_IT)
    HAL_UART_RxCpltCallback                  0x08004f79   Thumb Code   156  main.o(.text.HAL_UART_RxCpltCallback)
    HAL_UART_TxCpltCallback                  0x08005069   Thumb Code     2  stm32f1xx_hal_uart.o(.text.HAL_UART_TxCpltCallback)
    HardFault_Handler                        0x0800506d   Thumb Code     2  stm32f1xx_it.o(.text.HardFault_Handler)
    I2C2_EV_IRQHandler                       0x08005071   Thumb Code    12  stm32f1xx_it.o(.text.I2C2_EV_IRQHandler)
    IIC_GPIO_Init                            0x08005de1   Thumb Code   100  iic.o(.text.IIC_GPIO_Init)
    IIC_Read_Byte                            0x08005e45   Thumb Code   494  iic.o(.text.IIC_Read_Byte)
    IIC_Send_Byte                            0x08006035   Thumb Code   330  iic.o(.text.IIC_Send_Byte)
    IIC_Start                                0x08006181   Thumb Code    62  iic.o(.text.IIC_Start)
    IIC_Stop                                 0x080061c1   Thumb Code    50  iic.o(.text.IIC_Stop)
    IIC_Wait_Ack                             0x080061f5   Thumb Code    70  iic.o(.text.IIC_Wait_Ack)
    MPU_Init                                 0x0800623d   Thumb Code   712  mpu6050.o(.text.MPU_Init)
    MPU_Set_LPF                              0x08006531   Thumb Code    76  mpu6050.o(.text.MPU_Set_LPF)
    MPU_Write_Byte                           0x0800657d   Thumb Code    68  mpu6050.o(.text.MPU_Write_Byte)
    MX_GPIO_Init                             0x080065c1   Thumb Code   226  gpio.o(.text.MX_GPIO_Init)
    MX_I2C2_Init                             0x080066a5   Thumb Code    66  i2c.o(.text.MX_I2C2_Init)
    MX_TIM1_Init                             0x080066e9   Thumb Code   130  tim.o(.text.MX_TIM1_Init)
    MX_TIM2_Init                             0x0800676d   Thumb Code   230  tim.o(.text.MX_TIM2_Init)
    MX_TIM3_Init                             0x08006855   Thumb Code   108  tim.o(.text.MX_TIM3_Init)
    MX_TIM4_Init                             0x080068c1   Thumb Code   108  tim.o(.text.MX_TIM4_Init)
    MX_USART1_UART_Init                      0x0800692d   Thumb Code    60  usart.o(.text.MX_USART1_UART_Init)
    MX_USB_DEVICE_Init                       0x08006969   Thumb Code   114  usb_device.o(.text.MX_USB_DEVICE_Init)
    MemManage_Handler                        0x080069dd   Thumb Code     2  stm32f1xx_it.o(.text.MemManage_Handler)
    NMI_Handler                              0x080069e1   Thumb Code     2  stm32f1xx_it.o(.text.NMI_Handler)
    PID_balance_init                         0x080069e5   Thumb Code    42  pid.o(.text.PID_balance_init)
    PID_speed_init                           0x08006a11   Thumb Code    58  pid.o(.text.PID_speed_init)
    PendSV_Handler                           0x08006a4d   Thumb Code     2  stm32f1xx_it.o(.text.PendSV_Handler)
    SVC_Handler                              0x08006a51   Thumb Code     2  stm32f1xx_it.o(.text.SVC_Handler)
    SysTick_Handler                          0x08006a55   Thumb Code     4  stm32f1xx_it.o(.text.SysTick_Handler)
    SystemInit                               0x08006a59   Thumb Code     2  system_stm32f1xx.o(.text.SystemInit)
    TIM1_BRK_IRQHandler                      0x08006a5d   Thumb Code    12  stm32f1xx_it.o(.text.TIM1_BRK_IRQHandler)
    TIM1_TRG_COM_IRQHandler                  0x08006a69   Thumb Code    12  stm32f1xx_it.o(.text.TIM1_TRG_COM_IRQHandler)
    TIM1_UP_IRQHandler                       0x08006a75   Thumb Code    12  stm32f1xx_it.o(.text.TIM1_UP_IRQHandler)
    TIM2_IRQHandler                          0x08006a81   Thumb Code    12  stm32f1xx_it.o(.text.TIM2_IRQHandler)
    USART1_IRQHandler                        0x08006b99   Thumb Code    12  stm32f1xx_it.o(.text.USART1_IRQHandler)
    USBD_CDC_GetDeviceQualifierDescriptor    0x08006c95   Thumb Code    16  usbd_cdc.o(.text.USBD_CDC_GetDeviceQualifierDescriptor)
    USBD_CDC_ReceivePacket                   0x08006d59   Thumb Code    44  usbd_cdc.o(.text.USBD_CDC_ReceivePacket)
    USBD_CDC_RegisterInterface               0x08006d85   Thumb Code    14  usbd_cdc.o(.text.USBD_CDC_RegisterInterface)
    USBD_CDC_SetRxBuffer                     0x08006d95   Thumb Code    12  usbd_cdc.o(.text.USBD_CDC_SetRxBuffer)
    USBD_CDC_SetTxBuffer                     0x08006da1   Thumb Code    16  usbd_cdc.o(.text.USBD_CDC_SetTxBuffer)
    USBD_CDC_TransmitPacket                  0x08006e79   Thumb Code    62  usbd_cdc.o(.text.USBD_CDC_TransmitPacket)
    USBD_ClrClassConfig                      0x08006eb9   Thumb Code    14  usbd_core.o(.text.USBD_ClrClassConfig)
    USBD_CtlContinueRx                       0x08006ec9   Thumb Code    16  usbd_ioreq.o(.text.USBD_CtlContinueRx)
    USBD_CtlContinueSendData                 0x08006ed9   Thumb Code    16  usbd_ioreq.o(.text.USBD_CtlContinueSendData)
    USBD_CtlError                            0x08006ee9   Thumb Code    22  usbd_ctlreq.o(.text.USBD_CtlError)
    USBD_CtlPrepareRx                        0x08006f01   Thumb Code    26  usbd_ioreq.o(.text.USBD_CtlPrepareRx)
    USBD_CtlReceiveStatus                    0x08006f1d   Thumb Code    22  usbd_ioreq.o(.text.USBD_CtlReceiveStatus)
    USBD_CtlSendData                         0x08006f35   Thumb Code    26  usbd_ioreq.o(.text.USBD_CtlSendData)
    USBD_CtlSendStatus                       0x08006f51   Thumb Code    22  usbd_ioreq.o(.text.USBD_CtlSendStatus)
    USBD_FS_ConfigStrDescriptor              0x08006f69   Thumb Code    24  usbd_desc.o(.text.USBD_FS_ConfigStrDescriptor)
    USBD_FS_DeviceDescriptor                 0x08006f8d   Thumb Code    14  usbd_desc.o(.text.USBD_FS_DeviceDescriptor)
    USBD_FS_InterfaceStrDescriptor           0x08006f9d   Thumb Code    24  usbd_desc.o(.text.USBD_FS_InterfaceStrDescriptor)
    USBD_FS_LangIDStrDescriptor              0x08006fc5   Thumb Code    14  usbd_desc.o(.text.USBD_FS_LangIDStrDescriptor)
    USBD_FS_ManufacturerStrDescriptor        0x08006fd5   Thumb Code    24  usbd_desc.o(.text.USBD_FS_ManufacturerStrDescriptor)
    USBD_FS_ProductStrDescriptor             0x08007001   Thumb Code    24  usbd_desc.o(.text.USBD_FS_ProductStrDescriptor)
    USBD_FS_SerialStrDescriptor              0x08007031   Thumb Code   368  usbd_desc.o(.text.USBD_FS_SerialStrDescriptor)
    USBD_GetString                           0x080071a1   Thumb Code   210  usbd_ctlreq.o(.text.USBD_GetString)
    USBD_Init                                0x08007275   Thumb Code    48  usbd_core.o(.text.USBD_Init)
    USBD_LL_ClearStallEP                     0x080072a5   Thumb Code    34  usbd_conf.o(.text.USBD_LL_ClearStallEP)
    USBD_LL_CloseEP                          0x080072c9   Thumb Code    34  usbd_conf.o(.text.USBD_LL_CloseEP)
    USBD_LL_DataInStage                      0x080072ed   Thumb Code   202  usbd_core.o(.text.USBD_LL_DataInStage)
    USBD_LL_DataOutStage                     0x080073b9   Thumb Code   124  usbd_core.o(.text.USBD_LL_DataOutStage)
    USBD_LL_GetRxDataSize                    0x08007435   Thumb Code     8  usbd_conf.o(.text.USBD_LL_GetRxDataSize)
    USBD_LL_Init                             0x0800743d   Thumb Code   134  usbd_conf.o(.text.USBD_LL_Init)
    USBD_LL_IsStallEP                        0x080074c5   Thumb Code    42  usbd_conf.o(.text.USBD_LL_IsStallEP)
    USBD_LL_OpenEP                           0x080074f1   Thumb Code    40  usbd_conf.o(.text.USBD_LL_OpenEP)
    USBD_LL_PrepareReceive                   0x08007519   Thumb Code    34  usbd_conf.o(.text.USBD_LL_PrepareReceive)
    USBD_LL_Reset                            0x0800753d   Thumb Code    84  usbd_core.o(.text.USBD_LL_Reset)
    USBD_LL_Resume                           0x08007591   Thumb Code    20  usbd_core.o(.text.USBD_LL_Resume)
    USBD_LL_SOF                              0x080075a5   Thumb Code    28  usbd_core.o(.text.USBD_LL_SOF)
    USBD_LL_SetSpeed                         0x080075c1   Thumb Code     8  usbd_core.o(.text.USBD_LL_SetSpeed)
    USBD_LL_SetUSBAddress                    0x080075c9   Thumb Code    34  usbd_conf.o(.text.USBD_LL_SetUSBAddress)
    USBD_LL_SetupStage                       0x080075ed   Thumb Code    92  usbd_core.o(.text.USBD_LL_SetupStage)
    USBD_LL_StallEP                          0x08007649   Thumb Code    34  usbd_conf.o(.text.USBD_LL_StallEP)
    USBD_LL_Start                            0x0800766d   Thumb Code    34  usbd_conf.o(.text.USBD_LL_Start)
    USBD_LL_Suspend                          0x08007691   Thumb Code    20  usbd_core.o(.text.USBD_LL_Suspend)
    USBD_LL_Transmit                         0x080076a5   Thumb Code    34  usbd_conf.o(.text.USBD_LL_Transmit)
    USBD_ParseSetupRequest                   0x080076c9   Thumb Code    22  usbd_ctlreq.o(.text.USBD_ParseSetupRequest)
    USBD_RegisterClass                       0x080076e1   Thumb Code    14  usbd_core.o(.text.USBD_RegisterClass)
    USBD_SetClassConfig                      0x080076f1   Thumb Code    28  usbd_core.o(.text.USBD_SetClassConfig)
    USBD_Start                               0x0800770d   Thumb Code    10  usbd_core.o(.text.USBD_Start)
    USBD_StdDevReq                           0x08007719   Thumb Code   746  usbd_ctlreq.o(.text.USBD_StdDevReq)
    USBD_StdEPReq                            0x08007a05   Thumb Code   328  usbd_ctlreq.o(.text.USBD_StdEPReq)
    USBD_StdItfReq                           0x08007b4d   Thumb Code    84  usbd_ctlreq.o(.text.USBD_StdItfReq)
    USBD_static_free                         0x08007ba1   Thumb Code     2  usbd_conf.o(.text.USBD_static_free)
    USBD_static_malloc                       0x08007ba5   Thumb Code    10  usbd_conf.o(.text.USBD_static_malloc)
    USB_ActivateEndpoint                     0x08007bb1   Thumb Code   636  stm32f1xx_ll_usb.o(.text.USB_ActivateEndpoint)
    USB_CoreInit                             0x08007e2d   Thumb Code     4  stm32f1xx_ll_usb.o(.text.USB_CoreInit)
    USB_DeactivateEndpoint                   0x08007e31   Thumb Code   222  stm32f1xx_ll_usb.o(.text.USB_DeactivateEndpoint)
    USB_DevConnect                           0x08007f11   Thumb Code     4  stm32f1xx_ll_usb.o(.text.USB_DevConnect)
    USB_DevDisconnect                        0x08007f15   Thumb Code     4  stm32f1xx_ll_usb.o(.text.USB_DevDisconnect)
    USB_DevInit                              0x08007f19   Thumb Code    26  stm32f1xx_ll_usb.o(.text.USB_DevInit)
    USB_DisableGlobalInt                     0x08007f35   Thumb Code    20  stm32f1xx_ll_usb.o(.text.USB_DisableGlobalInt)
    USB_EP0_OutStart                         0x08007f49   Thumb Code     4  stm32f1xx_ll_usb.o(.text.USB_EP0_OutStart)
    USB_EPClearStall                         0x08007f4d   Thumb Code   116  stm32f1xx_ll_usb.o(.text.USB_EPClearStall)
    USB_EPSetStall                           0x08007fc1   Thumb Code    50  stm32f1xx_ll_usb.o(.text.USB_EPSetStall)
    USB_EPStartXfer                          0x08007ff5   Thumb Code  2098  stm32f1xx_ll_usb.o(.text.USB_EPStartXfer)
    USB_EnableGlobalInt                      0x08008829   Thumb Code    18  stm32f1xx_ll_usb.o(.text.USB_EnableGlobalInt)
    USB_LP_CAN1_RX0_IRQHandler               0x0800883d   Thumb Code    12  stm32f1xx_it.o(.text.USB_LP_CAN1_RX0_IRQHandler)
    USB_ReadInterrupts                       0x08008849   Thumb Code     6  stm32f1xx_ll_usb.o(.text.USB_ReadInterrupts)
    USB_ReadPMA                              0x08008851   Thumb Code   180  stm32f1xx_ll_usb.o(.text.USB_ReadPMA)
    USB_SetCurrentMode                       0x08008905   Thumb Code     4  stm32f1xx_ll_usb.o(.text.USB_SetCurrentMode)
    USB_SetDevAddress                        0x08008909   Thumb Code    14  stm32f1xx_ll_usb.o(.text.USB_SetDevAddress)
    USB_WritePMA                             0x08008919   Thumb Code   154  stm32f1xx_ll_usb.o(.text.USB_WritePMA)
    UsageFault_Handler                       0x080089b5   Thumb Code     2  stm32f1xx_it.o(.text.UsageFault_Handler)
    main                                     0x080089b9   Thumb Code  2596  main.o(.text.main)
    mpu_acc_x                                0x080093f5   Thumb Code    80  mpu6050.o(.text.mpu_acc_x)
    mpu_acc_z                                0x08009445   Thumb Code    80  mpu6050.o(.text.mpu_acc_z)
    mpu_begin                                0x08009495   Thumb Code   136  mpu6050.o(.text.mpu_begin)
    mpu_gy_y                                 0x0800951d   Thumb Code    80  mpu6050.o(.text.mpu_gy_y)
    position_PID                             0x0800956d   Thumb Code    20  pid.o(.text.position_PID)
    update_filtered_acc                      0x08009581   Thumb Code   204  cacul+filter.o(.text.update_filtered_acc)
    update_filtered_x_acc                    0x0800964d   Thumb Code     2  cacul+filter.o(.text.update_filtered_x_acc)
    update_filtered_z_acc                    0x08009651   Thumb Code     2  cacul+filter.o(.text.update_filtered_z_acc)
    usb_printf                               0x08009655   Thumb Code   104  usbd_cdc_if.o(.text.usb_printf)
    __0vsnprintf                             0x080096bd   Thumb Code    46  printfa.o(i.__0vsnprintf)
    __1vsnprintf                             0x080096bd   Thumb Code     0  printfa.o(i.__0vsnprintf)
    __2vsnprintf                             0x080096bd   Thumb Code     0  printfa.o(i.__0vsnprintf)
    __c89vsnprintf                           0x080096bd   Thumb Code     0  printfa.o(i.__0vsnprintf)
    vsnprintf                                0x080096bd   Thumb Code     0  printfa.o(i.__0vsnprintf)
    __ARM_fpclassify                         0x080096f1   Thumb Code    40  fpclassify.o(i.__ARM_fpclassify)
    __kernel_poly                            0x08009719   Thumb Code   170  poly.o(i.__kernel_poly)
    __mathlib_dbl_infnan                     0x080097c3   Thumb Code     6  dunder.o(i.__mathlib_dbl_infnan)
    __mathlib_dbl_infnan2                    0x080097c9   Thumb Code     4  dunder.o(i.__mathlib_dbl_infnan2)
    __mathlib_dbl_underflow                  0x080097cd   Thumb Code    10  dunder.o(i.__mathlib_dbl_underflow)
    __scatterload_copy                       0x080097dd   Thumb Code    14  handlers.o(i.__scatterload_copy)
    __scatterload_null                       0x080097eb   Thumb Code     2  handlers.o(i.__scatterload_null)
    __scatterload_zeroinit                   0x080097ed   Thumb Code    14  handlers.o(i.__scatterload_zeroinit)
    __set_errno                              0x080097fd   Thumb Code     6  errno.o(i.__set_errno)
    atan                                     0x0800a0d1   Thumb Code   474  atan.o(i.atan)
    atan2                                    0x0800a2f1   Thumb Code   374  atan2.o(i.atan2)
    __mathlib_zero                           0x0800a528   Data           8  qnan.o(.constdata)
    __ctype_categories                       0x0800a530   Data          64  ctype_c.o(.constdata)
    AHBPrescTable                            0x0800a570   Data          16  system_stm32f1xx.o(.rodata.AHBPrescTable)
    APBPrescTable                            0x0800a580   Data           8  system_stm32f1xx.o(.rodata.APBPrescTable)
    Region$$Table$$Base                      0x0800a5ec   Number         0  anon$$obj.o(Region$$Table)
    Region$$Table$$Limit                     0x0800a60c   Number         0  anon$$obj.o(Region$$Table)
    pwm_pul                                  0x20000004   Data           4  main.o(.data..L_MergedGlobals)
    alpha                                    0x20000008   Data           4  main.o(.data..L_MergedGlobals)
    uwTickFreq                               0x2000000c   Data           1  stm32f1xx_hal.o(.data..L_MergedGlobals)
    uwTickPrio                               0x20000010   Data           4  stm32f1xx_hal.o(.data..L_MergedGlobals)
    FS_Desc                                  0x20000014   Data          28  usbd_desc.o(.data.FS_Desc)
    SystemCoreClock                          0x20000030   Data           4  system_stm32f1xx.o(.data.SystemCoreClock)
    USBD_CDC                                 0x20000034   Data          56  usbd_cdc.o(.data.USBD_CDC)
    USBD_CDC_CfgFSDesc                       0x2000006c   Data          67  usbd_cdc.o(.data.USBD_CDC_CfgFSDesc)
    USBD_CDC_CfgHSDesc                       0x200000b0   Data          67  usbd_cdc.o(.data.USBD_CDC_CfgHSDesc)
    USBD_CDC_OtherSpeedCfgDesc               0x20000100   Data          67  usbd_cdc.o(.data.USBD_CDC_OtherSpeedCfgDesc)
    USBD_FS_DeviceDesc                       0x20000144   Data          18  usbd_desc.o(.data.USBD_FS_DeviceDesc)
    USBD_Interface_fops_FS                   0x20000158   Data          16  usbd_cdc_if.o(.data.USBD_Interface_fops_FS)
    USBD_LangIDDesc                          0x20000168   Data           4  usbd_desc.o(.data.USBD_LangIDDesc)
    USBD_StringSerial                        0x2000016c   Data          26  usbd_desc.o(.data.USBD_StringSerial)
    pulses_per_rev                           0x20000188   Data           4  main.o(.data.pulses_per_rev)
    angle                                    0x20000194   Data           4  cacul+filter.o(.bss..L_MergedGlobals)
    idx                                      0x200001a8   Data           1  main.o(.bss..L_MergedGlobals.5)
    rx_data                                  0x200001a9   Data           1  main.o(.bss..L_MergedGlobals.5)
    last_capture1                            0x200001aa   Data           2  main.o(.bss..L_MergedGlobals.5)
    last_capture2                            0x200001ac   Data           2  main.o(.bss..L_MergedGlobals.5)
    capture1                                 0x200001ae   Data           2  main.o(.bss..L_MergedGlobals.5)
    capture2                                 0x200001b0   Data           2  main.o(.bss..L_MergedGlobals.5)
    delta_t1                                 0x200001b2   Data           2  main.o(.bss..L_MergedGlobals.5)
    delta_t2                                 0x200001b4   Data           2  main.o(.bss..L_MergedGlobals.5)
    last_tick                                0x200001b8   Data           4  main.o(.bss..L_MergedGlobals.5)
    I_term                                   0x200001bc   Data           4  main.o(.bss..L_MergedGlobals.5)
    y_bias                                   0x200001c0   Data           4  main.o(.bss..L_MergedGlobals.5)
    smooth_ygyro                             0x200001c4   Data           4  main.o(.bss..L_MergedGlobals.5)
    last_offset                              0x200001c8   Data           4  main.o(.bss..L_MergedGlobals.5)
    huart_flag                               0x200001cc   Data           4  main.o(.bss..L_MergedGlobals.5)
    pid_offset                               0x200001d0   Data           4  main.o(.bss..L_MergedGlobals.5)
    offset_var                               0x200001d4   Data           4  main.o(.bss..L_MergedGlobals.5)
    mpu_ready                                0x200001d8   Data           4  main.o(.bss..L_MergedGlobals.5)
    motor_state                              0x200001dc   Data           4  main.o(.bss..L_MergedGlobals.5)
    ord_ygyro                                0x200001e0   Data           4  main.o(.bss..L_MergedGlobals.5)
    ord_zacc                                 0x200001e4   Data           4  main.o(.bss..L_MergedGlobals.5)
    ord_xacc                                 0x200001e8   Data           4  main.o(.bss..L_MergedGlobals.5)
    filter_zacc                              0x200001ec   Data           4  main.o(.bss..L_MergedGlobals.5)
    filter_xacc                              0x200001f0   Data           4  main.o(.bss..L_MergedGlobals.5)
    Angle                                    0x200001f4   Data           4  main.o(.bss..L_MergedGlobals.5)
    last_state                               0x200001f8   Data           4  main.o(.bss..L_MergedGlobals.5)
    IC1Value                                 0x200001fc   Data           4  main.o(.bss..L_MergedGlobals.5)
    IC2Value                                 0x20000200   Data           4  main.o(.bss..L_MergedGlobals.5)
    delta_t_avg                              0x20000204   Data           4  main.o(.bss..L_MergedGlobals.5)
    rpm_left                                 0x20000208   Data           4  main.o(.bss..L_MergedGlobals.5)
    time_s                                   0x2000020c   Data           4  main.o(.bss..L_MergedGlobals.5)
    rpm_right                                0x20000210   Data           4  main.o(.bss..L_MergedGlobals.5)
    DutyCycle                                0x20000218   Data           8  main.o(.bss..L_MergedGlobals.5)
    Frequency                                0x20000220   Data           8  main.o(.bss..L_MergedGlobals.6)
    rx_buffer                                0x20000228   Data          10  main.o(.bss..L_MergedGlobals.6)
    BalancePID                               0x20000234   Data          36  pid.o(.bss.BalancePID)
    PositionPID                              0x20000258   Data          36  pid.o(.bss.PositionPID)
    SpeedPID                                 0x2000027c   Data          36  pid.o(.bss.SpeedPID)
    USBD_StrDesc                             0x200002a4   Data         512  usbd_desc.o(.bss.USBD_StrDesc)
    USB_COM                                  0x200006c4   Data       10004  usbd_cdc_if.o(.bss.USB_COM)
    UserRxBufferFS                           0x20002dd8   Data        1024  usbd_cdc_if.o(.bss.UserRxBufferFS)
    UserTxBufferFS                           0x200031d8   Data        1024  usbd_cdc_if.o(.bss.UserTxBufferFS)
    hUsbDeviceFS                             0x200035d8   Data         708  usb_device.o(.bss.hUsbDeviceFS)
    hi2c2                                    0x2000389c   Data          84  i2c.o(.bss.hi2c2)
    hpcd_USB_FS                              0x200038f0   Data         728  usbd_conf.o(.bss.hpcd_USB_FS)
    htim1                                    0x20003bc8   Data          72  tim.o(.bss.htim1)
    htim2                                    0x20003c10   Data          72  tim.o(.bss.htim2)
    htim3                                    0x20003c58   Data          72  tim.o(.bss.htim3)
    htim4                                    0x20003ca0   Data          72  tim.o(.bss.htim4)
    huart1                                   0x20003ce8   Data          72  usart.o(.bss.huart1)
    uwTick                                   0x20003d30   Data           4  stm32f1xx_hal.o(.bss.uwTick)
    __initial_sp                             0x20004d38   Data           0  startup_stm32f103xb.o(STACK)



==============================================================================

Memory Map of the image

  Image Entry point : 0x080000ed

  Load Region LR_IROM1 (Base: 0x08000000, Size: 0x0000a7a0, Max: 0x00010000, ABSOLUTE, COMPRESSED[0x0000a6e0])

    Execution Region ER_IROM1 (Exec base: 0x08000000, Load base: 0x08000000, Size: 0x0000a60c, Max: 0x00010000, ABSOLUTE)

    Exec Addr    Load Addr    Size         Type   Attr      Idx    E Section Name        Object

    0x08000000   0x08000000   0x000000ec   Data   RO            3    RESET               startup_stm32f103xb.o
    0x080000ec   0x080000ec   0x00000000   Code   RO         1702  * .ARM.Collect$$$$00000000  mc_w.l(entry.o)
    0x080000ec   0x080000ec   0x00000004   Code   RO         1798    .ARM.Collect$$$$00000001  mc_w.l(entry2.o)
    0x080000f0   0x080000f0   0x00000004   Code   RO         1801    .ARM.Collect$$$$00000004  mc_w.l(entry5.o)
    0x080000f4   0x080000f4   0x00000000   Code   RO         1803    .ARM.Collect$$$$00000008  mc_w.l(entry7b.o)
    0x080000f4   0x080000f4   0x00000000   Code   RO         1805    .ARM.Collect$$$$0000000A  mc_w.l(entry8b.o)
    0x080000f4   0x080000f4   0x00000008   Code   RO         1806    .ARM.Collect$$$$0000000B  mc_w.l(entry9a.o)
    0x080000fc   0x080000fc   0x00000000   Code   RO         1808    .ARM.Collect$$$$0000000D  mc_w.l(entry10a.o)
    0x080000fc   0x080000fc   0x00000000   Code   RO         1810    .ARM.Collect$$$$0000000F  mc_w.l(entry11a.o)
    0x080000fc   0x080000fc   0x00000004   Code   RO         1799    .ARM.Collect$$$$00002712  mc_w.l(entry2.o)
    0x08000100   0x08000100   0x00000024   Code   RO            4    .text               startup_stm32f103xb.o
    0x08000124   0x08000124   0x00000024   Code   RO         1705    .text               mc_w.l(memcpya.o)
    0x08000148   0x08000148   0x00000038   Code   RO         1738    .text               mc_w.l(__0sscanf.o)
    0x08000180   0x08000180   0x0000014c   Code   RO         1740    .text               mc_w.l(_scanf_int.o)
    0x080002cc   0x080002cc   0x000000b0   Code   RO         1742    .text               mf_w.l(fadd.o)
    0x0800037c   0x0800037c   0x00000064   Code   RO         1744    .text               mf_w.l(fmul.o)
    0x080003e0   0x080003e0   0x0000007c   Code   RO         1746    .text               mf_w.l(fdiv.o)
    0x0800045c   0x0800045c   0x0000014e   Code   RO         1748    .text               mf_w.l(dadd.o)
    0x080005aa   0x080005aa   0x000000e4   Code   RO         1750    .text               mf_w.l(dmul.o)
    0x0800068e   0x0800068e   0x000000de   Code   RO         1752    .text               mf_w.l(ddiv.o)
    0x0800076c   0x0800076c   0x0000001c   Code   RO         1754    .text               mf_w.l(fcmple.o)
    0x08000788   0x08000788   0x0000001c   Code   RO         1756    .text               mf_w.l(fcmplt.o)
    0x080007a4   0x080007a4   0x0000001c   Code   RO         1758    .text               mf_w.l(fcmpge.o)
    0x080007c0   0x080007c0   0x0000001c   Code   RO         1760    .text               mf_w.l(fcmpgt.o)
    0x080007dc   0x080007dc   0x0000001c   Code   RO         1762    .text               mf_w.l(fcmpeq.o)
    0x080007f8   0x080007f8   0x00000012   Code   RO         1764    .text               mf_w.l(fflti.o)
    0x0800080a   0x0800080a   0x0000000a   Code   RO         1766    .text               mf_w.l(ffltui.o)
    0x08000814   0x08000814   0x00000022   Code   RO         1768    .text               mf_w.l(dflti.o)
    0x08000836   0x08000836   0x00000032   Code   RO         1770    .text               mf_w.l(ffixi.o)
    0x08000868   0x08000868   0x00000028   Code   RO         1772    .text               mf_w.l(ffixui.o)
    0x08000890   0x08000890   0x00000026   Code   RO         1774    .text               mf_w.l(f2d.o)
    0x080008b6   0x080008b6   0x00000038   Code   RO         1776    .text               mf_w.l(d2f.o)
    0x080008ee   0x080008ee   0x0000002c   Code   RO         1826    .text               mc_w.l(uidiv.o)
    0x0800091a   0x0800091a   0x00000062   Code   RO         1828    .text               mc_w.l(uldiv.o)
    0x0800097c   0x0800097c   0x0000001e   Code   RO         1830    .text               mc_w.l(llshl.o)
    0x0800099a   0x0800099a   0x00000024   Code   RO         1832    .text               mc_w.l(llsshr.o)
    0x080009be   0x080009be   0x0000001c   Code   RO         1841    .text               mc_w.l(_chval.o)
    0x080009da   0x080009da   0x00000002   PAD
    0x080009dc   0x080009dc   0x00000028   Code   RO         1843    .text               mc_w.l(scanf_char.o)
    0x08000a04   0x08000a04   0x00000040   Code   RO         1845    .text               mc_w.l(_sgetc.o)
    0x08000a44   0x08000a44   0x00000000   Code   RO         1847    .text               mc_w.l(iusefp.o)
    0x08000a44   0x08000a44   0x0000006e   Code   RO         1848    .text               mf_w.l(fepilogue.o)
    0x08000ab2   0x08000ab2   0x000000ba   Code   RO         1850    .text               mf_w.l(depilogue.o)
    0x08000b6c   0x08000b6c   0x00000030   Code   RO         1852    .text               mf_w.l(dfixul.o)
    0x08000b9c   0x08000b9c   0x00000030   Code   RO         1854    .text               mf_w.l(cdcmple.o)
    0x08000bcc   0x08000bcc   0x00000030   Code   RO         1856    .text               mf_w.l(cdrcmple.o)
    0x08000bfc   0x08000bfc   0x00000030   Code   RO         1862    .text               mc_w.l(init.o)
    0x08000c2c   0x08000c2c   0x00000020   Code   RO         1865    .text               mc_w.l(llushr.o)
    0x08000c4c   0x08000c4c   0x0000000a   Code   RO         1867    .text               mc_w.l(isspace_c.o)
    0x08000c56   0x08000c56   0x00000002   PAD
    0x08000c58   0x08000c58   0x0000032c   Code   RO         1869    .text               mc_w.l(_scanf.o)
    0x08000f84   0x08000f84   0x0000002e   Code   RO         1872    .text               mf_w.l(dscalb.o)
    0x08000fb2   0x08000fb2   0x00000002   PAD
    0x08000fb4   0x08000fb4   0x00000028   Code   RO         1874    .text               mc_w.l(ctype_c.o)
    0x08000fdc   0x08000fdc   0x00000056   Code   RO         1885    .text               mc_w.l(__dczerorl2.o)
    0x08001032   0x08001032   0x00000002   PAD
    0x08001034   0x08001034   0x00000002   Code   RO          133    .text.BusFault_Handler  stm32f1xx_it.o
    0x08001036   0x08001036   0x00000002   PAD
    0x08001038   0x08001038   0x00000004   Code   RO          217    .text.CDC_Control_FS  usbd_cdc_if.o
    0x0800103c   0x0800103c   0x00000004   Code   RO          215    .text.CDC_DeInit_FS  usbd_cdc_if.o
    0x08001040   0x08001040   0x0000002c   Code   RO          213    .text.CDC_Init_FS   usbd_cdc_if.o
    0x0800106c   0x0800106c   0x00000046   Code   RO          219    .text.CDC_Receive_FS  usbd_cdc_if.o
    0x080010b2   0x080010b2   0x00000002   PAD
    0x080010b4   0x080010b4   0x00000002   Code   RO          139    .text.DebugMon_Handler  stm32f1xx_it.o
    0x080010b6   0x080010b6   0x00000002   PAD
    0x080010b8   0x080010b8   0x00000006   Code   RO          145    .text.EXTI0_IRQHandler  stm32f1xx_it.o
    0x080010be   0x080010be   0x00000002   PAD
    0x080010c0   0x080010c0   0x0000000a   Code   RO           17    .text.Error_Handler  main.o
    0x080010ca   0x080010ca   0x00000002   PAD
    0x080010cc   0x080010cc   0x00000046   Code   RO          623    .text.HAL_DMA_Abort  stm32f1xx_hal_dma.o
    0x08001112   0x08001112   0x00000002   PAD
    0x08001114   0x08001114   0x000000b6   Code   RO          625    .text.HAL_DMA_Abort_IT  stm32f1xx_hal_dma.o
    0x080011ca   0x080011ca   0x00000002   PAD
    0x080011cc   0x080011cc   0x00000006   Code   RO          635    .text.HAL_DMA_GetState  stm32f1xx_hal_dma.o
    0x080011d2   0x080011d2   0x00000002   PAD
    0x080011d4   0x080011d4   0x00000028   Code   RO          499    .text.HAL_Delay     stm32f1xx_hal.o
    0x080011fc   0x080011fc   0x00000002   Code   RO          605    .text.HAL_GPIO_EXTI_Callback  stm32f1xx_hal_gpio.o
    0x080011fe   0x080011fe   0x00000002   PAD
    0x08001200   0x08001200   0x00000016   Code   RO          603    .text.HAL_GPIO_EXTI_IRQHandler  stm32f1xx_hal_gpio.o
    0x08001216   0x08001216   0x00000002   PAD
    0x08001218   0x08001218   0x0000020e   Code   RO          591    .text.HAL_GPIO_Init  stm32f1xx_hal_gpio.o
    0x08001426   0x08001426   0x00000002   PAD
    0x08001428   0x08001428   0x0000000a   Code   RO          595    .text.HAL_GPIO_ReadPin  stm32f1xx_hal_gpio.o
    0x08001432   0x08001432   0x00000002   PAD
    0x08001434   0x08001434   0x0000000a   Code   RO          597    .text.HAL_GPIO_WritePin  stm32f1xx_hal_gpio.o
    0x0800143e   0x0800143e   0x00000002   PAD
    0x08001440   0x08001440   0x0000000c   Code   RO          491    .text.HAL_GetTick   stm32f1xx_hal.o
    0x0800144c   0x0800144c   0x00000002   Code   RO          932    .text.HAL_I2C_AbortCpltCallback  stm32f1xx_hal_i2c.o
    0x0800144e   0x0800144e   0x00000002   PAD
    0x08001450   0x08001450   0x00000002   Code   RO          922    .text.HAL_I2C_AddrCallback  stm32f1xx_hal_i2c.o
    0x08001452   0x08001452   0x00000002   PAD
    0x08001454   0x08001454   0x0000064e   Code   RO          900    .text.HAL_I2C_EV_IRQHandler  stm32f1xx_hal_i2c.o
    0x08001aa2   0x08001aa2   0x00000002   PAD
    0x08001aa4   0x08001aa4   0x00000002   Code   RO          930    .text.HAL_I2C_ErrorCallback  stm32f1xx_hal_i2c.o
    0x08001aa6   0x08001aa6   0x00000002   PAD
    0x08001aa8   0x08001aa8   0x00000164   Code   RO          812    .text.HAL_I2C_Init  stm32f1xx_hal_i2c.o
    0x08001c0c   0x08001c0c   0x00000002   Code   RO          924    .text.HAL_I2C_ListenCpltCallback  stm32f1xx_hal_i2c.o
    0x08001c0e   0x08001c0e   0x00000002   PAD
    0x08001c10   0x08001c10   0x00000002   Code   RO          916    .text.HAL_I2C_MasterRxCpltCallback  stm32f1xx_hal_i2c.o
    0x08001c12   0x08001c12   0x00000002   PAD
    0x08001c14   0x08001c14   0x00000002   Code   RO          914    .text.HAL_I2C_MasterTxCpltCallback  stm32f1xx_hal_i2c.o
    0x08001c16   0x08001c16   0x00000002   PAD
    0x08001c18   0x08001c18   0x00000002   Code   RO          928    .text.HAL_I2C_MemRxCpltCallback  stm32f1xx_hal_i2c.o
    0x08001c1a   0x08001c1a   0x00000002   PAD
    0x08001c1c   0x08001c1c   0x00000002   Code   RO          926    .text.HAL_I2C_MemTxCpltCallback  stm32f1xx_hal_i2c.o
    0x08001c1e   0x08001c1e   0x00000002   PAD
    0x08001c20   0x08001c20   0x0000034a   Code   RO          860    .text.HAL_I2C_Mem_Read  stm32f1xx_hal_i2c.o
    0x08001f6a   0x08001f6a   0x00000002   PAD
    0x08001f6c   0x08001f6c   0x0000015c   Code   RO          856    .text.HAL_I2C_Mem_Write  stm32f1xx_hal_i2c.o
    0x080020c8   0x080020c8   0x0000007c   Code   RO           65    .text.HAL_I2C_MspInit  i2c.o
    0x08002144   0x08002144   0x00000002   Code   RO          920    .text.HAL_I2C_SlaveRxCpltCallback  stm32f1xx_hal_i2c.o
    0x08002146   0x08002146   0x00000002   PAD
    0x08002148   0x08002148   0x00000002   Code   RO          918    .text.HAL_I2C_SlaveTxCpltCallback  stm32f1xx_hal_i2c.o
    0x0800214a   0x0800214a   0x00000002   PAD
    0x0800214c   0x0800214c   0x0000001a   Code   RO          489    .text.HAL_IncTick   stm32f1xx_hal.o
    0x08002166   0x08002166   0x00000002   PAD
    0x08002168   0x08002168   0x00000026   Code   RO          479    .text.HAL_Init      stm32f1xx_hal.o
    0x0800218e   0x0800218e   0x00000002   PAD
    0x08002190   0x08002190   0x00000048   Code   RO          481    .text.HAL_InitTick  stm32f1xx_hal.o
    0x080021d8   0x080021d8   0x00000042   Code   RO          168    .text.HAL_MspInit   stm32f1xx_hal_msp.o
    0x0800221a   0x0800221a   0x00000002   PAD
    0x0800221c   0x0800221c   0x00000022   Code   RO          651    .text.HAL_NVIC_EnableIRQ  stm32f1xx_hal_cortex.o
    0x0800223e   0x0800223e   0x00000002   PAD
    0x08002240   0x08002240   0x00000056   Code   RO          649    .text.HAL_NVIC_SetPriority  stm32f1xx_hal_cortex.o
    0x08002296   0x08002296   0x00000002   PAD
    0x08002298   0x08002298   0x00000020   Code   RO          647    .text.HAL_NVIC_SetPriorityGrouping  stm32f1xx_hal_cortex.o
    0x080022b8   0x080022b8   0x0000004c   Code   RO          399    .text.HAL_PCDEx_PMAConfig  stm32f1xx_hal_pcd_ex.o
    0x08002304   0x08002304   0x00000002   Code   RO          297    .text.HAL_PCDEx_SetConnectionState  usbd_conf.o
    0x08002306   0x08002306   0x00000002   PAD
    0x08002308   0x08002308   0x00000014   Code   RO          245    .text.HAL_PCD_DataInStageCallback  usbd_conf.o
    0x0800231c   0x0800231c   0x00000016   Code   RO          243    .text.HAL_PCD_DataOutStageCallback  usbd_conf.o
    0x08002332   0x08002332   0x00000002   PAD
    0x08002334   0x08002334   0x00000050   Code   RO          369    .text.HAL_PCD_EP_Close  stm32f1xx_hal_pcd.o
    0x08002384   0x08002384   0x00000060   Code   RO          379    .text.HAL_PCD_EP_ClrStall  stm32f1xx_hal_pcd.o
    0x080023e4   0x080023e4   0x00000012   Code   RO          373    .text.HAL_PCD_EP_GetRxCount  stm32f1xx_hal_pcd.o
    0x080023f6   0x080023f6   0x00000002   PAD
    0x080023f8   0x080023f8   0x0000005c   Code   RO          367    .text.HAL_PCD_EP_Open  stm32f1xx_hal_pcd.o
    0x08002454   0x08002454   0x00000032   Code   RO          371    .text.HAL_PCD_EP_Receive  stm32f1xx_hal_pcd.o
    0x08002486   0x08002486   0x00000002   PAD
    0x08002488   0x08002488   0x0000006c   Code   RO          377    .text.HAL_PCD_EP_SetStall  stm32f1xx_hal_pcd.o
    0x080024f4   0x080024f4   0x00000036   Code   RO          375    .text.HAL_PCD_EP_Transmit  stm32f1xx_hal_pcd.o
    0x0800252a   0x0800252a   0x00000002   PAD
    0x0800252c   0x0800252c   0x0000093a   Code   RO          335    .text.HAL_PCD_IRQHandler  stm32f1xx_hal_pcd.o
    0x08002e66   0x08002e66   0x00000002   PAD
    0x08002e68   0x08002e68   0x00000246   Code   RO          323    .text.HAL_PCD_Init  stm32f1xx_hal_pcd.o
    0x080030ae   0x080030ae   0x00000002   PAD
    0x080030b0   0x080030b0   0x00000044   Code   RO          237    .text.HAL_PCD_MspInit  usbd_conf.o
    0x080030f4   0x080030f4   0x00000024   Code   RO          249    .text.HAL_PCD_ResetCallback  usbd_conf.o
    0x08003118   0x08003118   0x00000008   Code   RO          253    .text.HAL_PCD_ResumeCallback  usbd_conf.o
    0x08003120   0x08003120   0x00000008   Code   RO          247    .text.HAL_PCD_SOFCallback  usbd_conf.o
    0x08003128   0x08003128   0x00000028   Code   RO          339    .text.HAL_PCD_SetAddress  stm32f1xx_hal_pcd.o
    0x08003150   0x08003150   0x0000000e   Code   RO          241    .text.HAL_PCD_SetupStageCallback  usbd_conf.o
    0x0800315e   0x0800315e   0x00000002   PAD
    0x08003160   0x08003160   0x00000034   Code   RO          331    .text.HAL_PCD_Start  stm32f1xx_hal_pcd.o
    0x08003194   0x08003194   0x00000026   Code   RO          251    .text.HAL_PCD_SuspendCallback  usbd_conf.o
    0x080031ba   0x080031ba   0x00000002   PAD
    0x080031bc   0x080031bc   0x00000102   Code   RO          577    .text.HAL_RCCEx_PeriphCLKConfig  stm32f1xx_hal_rcc_ex.o
    0x080032be   0x080032be   0x00000002   PAD
    0x080032c0   0x080032c0   0x000001ba   Code   RO          543    .text.HAL_RCC_ClockConfig  stm32f1xx_hal_rcc.o
    0x0800347a   0x0800347a   0x00000002   PAD
    0x0800347c   0x0800347c   0x00000026   Code   RO          555    .text.HAL_RCC_GetPCLK1Freq  stm32f1xx_hal_rcc.o
    0x080034a2   0x080034a2   0x00000002   PAD
    0x080034a4   0x080034a4   0x00000026   Code   RO          557    .text.HAL_RCC_GetPCLK2Freq  stm32f1xx_hal_rcc.o
    0x080034ca   0x080034ca   0x00000002   PAD
    0x080034cc   0x080034cc   0x00000400   Code   RO          541    .text.HAL_RCC_OscConfig  stm32f1xx_hal_rcc.o
    0x080038cc   0x080038cc   0x0000002c   Code   RO          659    .text.HAL_SYSTICK_Config  stm32f1xx_hal_cortex.o
    0x080038f8   0x080038f8   0x00000002   Code   RO         1255    .text.HAL_TIMEx_BreakCallback  stm32f1xx_hal_tim_ex.o
    0x080038fa   0x080038fa   0x00000002   PAD
    0x080038fc   0x080038fc   0x00000002   Code   RO         1251    .text.HAL_TIMEx_CommutCallback  stm32f1xx_hal_tim_ex.o
    0x080038fe   0x080038fe   0x00000002   PAD
    0x08003900   0x08003900   0x0000007e   Code   RO         1245    .text.HAL_TIMEx_MasterConfigSynchronization  stm32f1xx_hal_tim_ex.o
    0x0800397e   0x0800397e   0x00000002   PAD
    0x08003980   0x08003980   0x000000fa   Code   RO          950    .text.HAL_TIM_Base_Init  stm32f1xx_hal_tim.o
    0x08003a7a   0x08003a7a   0x00000002   PAD
    0x08003a7c   0x08003a7c   0x00000064   Code   RO           88    .text.HAL_TIM_Base_MspInit  tim.o
    0x08003ae0   0x08003ae0   0x0000006e   Code   RO          964    .text.HAL_TIM_Base_Start_IT  stm32f1xx_hal_tim.o
    0x08003b4e   0x08003b4e   0x00000002   PAD
    0x08003b50   0x08003b50   0x000001a0   Code   RO         1130    .text.HAL_TIM_ConfigClockSource  stm32f1xx_hal_tim.o
    0x08003cf0   0x08003cf0   0x0000015a   Code   RO         1064    .text.HAL_TIM_Encoder_Init  stm32f1xx_hal_tim.o
    0x08003e4a   0x08003e4a   0x00000002   PAD
    0x08003e4c   0x08003e4c   0x000000ac   Code   RO           92    .text.HAL_TIM_Encoder_MspInit  tim.o
    0x08003ef8   0x08003ef8   0x000000bc   Code   RO         1072    .text.HAL_TIM_Encoder_Start  stm32f1xx_hal_tim.o
    0x08003fb4   0x08003fb4   0x0000022c   Code   RO           21    .text.HAL_TIM_IC_CaptureCallback  main.o
    0x080041e0   0x080041e0   0x0000014e   Code   RO         1084    .text.HAL_TIM_IRQHandler  stm32f1xx_hal_tim.o
    0x0800432e   0x0800432e   0x00000002   PAD
    0x08004330   0x08004330   0x00000002   Code   RO         1088    .text.HAL_TIM_OC_DelayElapsedCallback  stm32f1xx_hal_tim.o
    0x08004332   0x08004332   0x00000002   PAD
    0x08004334   0x08004334   0x00000204   Code   RO         1104    .text.HAL_TIM_PWM_ConfigChannel  stm32f1xx_hal_tim.o
    0x08004538   0x08004538   0x000000fa   Code   RO         1004    .text.HAL_TIM_PWM_Init  stm32f1xx_hal_tim.o
    0x08004632   0x08004632   0x00000002   PAD
    0x08004634   0x08004634   0x0000003e   Code   RO           90    .text.HAL_TIM_PWM_MspInit  tim.o
    0x08004672   0x08004672   0x00000002   PAD
    0x08004674   0x08004674   0x00000002   Code   RO         1090    .text.HAL_TIM_PWM_PulseFinishedCallback  stm32f1xx_hal_tim.o
    0x08004676   0x08004676   0x00000002   PAD
    0x08004678   0x08004678   0x000000da   Code   RO         1012    .text.HAL_TIM_PWM_Start  stm32f1xx_hal_tim.o
    0x08004752   0x08004752   0x00000002   PAD
    0x08004754   0x08004754   0x000000a6   Code   RO         1014    .text.HAL_TIM_PWM_Stop  stm32f1xx_hal_tim.o
    0x080047fa   0x080047fa   0x00000002   PAD
    0x080047fc   0x080047fc   0x00000020   Code   RO           23    .text.HAL_TIM_PeriodElapsedCallback  main.o
    0x0800481c   0x0800481c   0x00000016   Code   RO         1140    .text.HAL_TIM_ReadCapturedValue  stm32f1xx_hal_tim.o
    0x08004832   0x08004832   0x00000002   PAD
    0x08004834   0x08004834   0x00000002   Code   RO         1094    .text.HAL_TIM_TriggerCallback  stm32f1xx_hal_tim.o
    0x08004836   0x08004836   0x00000002   PAD
    0x08004838   0x08004838   0x00000002   Code   RO         1353    .text.HAL_UARTEx_RxEventCallback  stm32f1xx_hal_uart.o
    0x0800483a   0x0800483a   0x00000002   PAD
    0x0800483c   0x0800483c   0x00000002   Code   RO         1351    .text.HAL_UART_ErrorCallback  stm32f1xx_hal_uart.o
    0x0800483e   0x0800483e   0x00000002   PAD
    0x08004840   0x08004840   0x00000570   Code   RO         1345    .text.HAL_UART_IRQHandler  stm32f1xx_hal_uart.o
    0x08004db0   0x08004db0   0x000000e2   Code   RO         1269    .text.HAL_UART_Init  stm32f1xx_hal_uart.o
    0x08004e92   0x08004e92   0x00000002   PAD
    0x08004e94   0x08004e94   0x0000008e   Code   RO          114    .text.HAL_UART_MspInit  usart.o
    0x08004f22   0x08004f22   0x00000002   PAD
    0x08004f24   0x08004f24   0x00000054   Code   RO         1289    .text.HAL_UART_Receive_IT  stm32f1xx_hal_uart.o
    0x08004f78   0x08004f78   0x000000f0   Code   RO           25    .text.HAL_UART_RxCpltCallback  main.o
    0x08005068   0x08005068   0x00000002   Code   RO         1355    .text.HAL_UART_TxCpltCallback  stm32f1xx_hal_uart.o
    0x0800506a   0x0800506a   0x00000002   PAD
    0x0800506c   0x0800506c   0x00000002   Code   RO          129    .text.HardFault_Handler  stm32f1xx_it.o
    0x0800506e   0x0800506e   0x00000002   PAD
    0x08005070   0x08005070   0x0000000c   Code   RO          157    .text.I2C2_EV_IRQHandler  stm32f1xx_it.o
    0x0800507c   0x0800507c   0x0000011e   Code   RO          886    .text.I2C_DMAAbort  stm32f1xx_hal_i2c.o
    0x0800519a   0x0800519a   0x00000002   PAD
    0x0800519c   0x0800519c   0x0000018c   Code   RO          898    .text.I2C_ITError   stm32f1xx_hal_i2c.o
    0x08005328   0x08005328   0x000000f8   Code   RO          910    .text.I2C_MasterReceive_BTF  stm32f1xx_hal_i2c.o
    0x08005420   0x08005420   0x0000013e   Code   RO          908    .text.I2C_MasterReceive_RXNE  stm32f1xx_hal_i2c.o
    0x0800555e   0x0800555e   0x00000002   PAD
    0x08005560   0x08005560   0x00000082   Code   RO          904    .text.I2C_MasterTransmit_BTF  stm32f1xx_hal_i2c.o
    0x080055e2   0x080055e2   0x00000002   PAD
    0x080055e4   0x080055e4   0x000000b2   Code   RO          902    .text.I2C_MasterTransmit_TXE  stm32f1xx_hal_i2c.o
    0x08005696   0x08005696   0x00000002   PAD
    0x08005698   0x08005698   0x000000be   Code   RO          906    .text.I2C_MemoryTransmit_TXE_BTF  stm32f1xx_hal_i2c.o
    0x08005756   0x08005756   0x00000002   PAD
    0x08005758   0x08005758   0x00000112   Code   RO          862    .text.I2C_RequestMemoryRead  stm32f1xx_hal_i2c.o
    0x0800586a   0x0800586a   0x00000002   PAD
    0x0800586c   0x0800586c   0x000000c8   Code   RO          858    .text.I2C_RequestMemoryWrite  stm32f1xx_hal_i2c.o
    0x08005934   0x08005934   0x000000ba   Code   RO          826    .text.I2C_WaitOnBTFFlagUntilTimeout  stm32f1xx_hal_i2c.o
    0x080059ee   0x080059ee   0x00000002   PAD
    0x080059f0   0x080059f0   0x000001ca   Code   RO          822    .text.I2C_WaitOnFlagUntilTimeout  stm32f1xx_hal_i2c.o
    0x08005bba   0x08005bba   0x00000002   PAD
    0x08005bbc   0x08005bbc   0x000000d6   Code   RO          940    .text.I2C_WaitOnMasterAddressFlagUntilTimeout  stm32f1xx_hal_i2c.o
    0x08005c92   0x08005c92   0x00000002   PAD
    0x08005c94   0x08005c94   0x00000090   Code   RO          830    .text.I2C_WaitOnRXNEFlagUntilTimeout  stm32f1xx_hal_i2c.o
    0x08005d24   0x08005d24   0x000000ba   Code   RO          824    .text.I2C_WaitOnTXEFlagUntilTimeout  stm32f1xx_hal_i2c.o
    0x08005dde   0x08005dde   0x00000002   PAD
    0x08005de0   0x08005de0   0x00000064   Code   RO         1561    .text.IIC_GPIO_Init  iic.o
    0x08005e44   0x08005e44   0x000001ee   Code   RO         1553    .text.IIC_Read_Byte  iic.o
    0x08006032   0x08006032   0x00000002   PAD
    0x08006034   0x08006034   0x0000014a   Code   RO         1551    .text.IIC_Send_Byte  iic.o
    0x0800617e   0x0800617e   0x00000002   PAD
    0x08006180   0x08006180   0x0000003e   Code   RO         1547    .text.IIC_Start     iic.o
    0x080061be   0x080061be   0x00000002   PAD
    0x080061c0   0x080061c0   0x00000032   Code   RO         1549    .text.IIC_Stop      iic.o
    0x080061f2   0x080061f2   0x00000002   PAD
    0x080061f4   0x080061f4   0x00000046   Code   RO         1559    .text.IIC_Wait_Ack  iic.o
    0x0800623a   0x0800623a   0x00000002   PAD
    0x0800623c   0x0800623c   0x000002f4   Code   RO         1589    .text.MPU_Init      mpu6050.o
    0x08006530   0x08006530   0x0000004c   Code   RO         1601    .text.MPU_Set_LPF   mpu6050.o
    0x0800657c   0x0800657c   0x00000044   Code   RO         1591    .text.MPU_Write_Byte  mpu6050.o
    0x080065c0   0x080065c0   0x000000e2   Code   RO           54    .text.MX_GPIO_Init  gpio.o
    0x080066a2   0x080066a2   0x00000002   PAD
    0x080066a4   0x080066a4   0x00000042   Code   RO           63    .text.MX_I2C2_Init  i2c.o
    0x080066e6   0x080066e6   0x00000002   PAD
    0x080066e8   0x080066e8   0x00000082   Code   RO           78    .text.MX_TIM1_Init  tim.o
    0x0800676a   0x0800676a   0x00000002   PAD
    0x0800676c   0x0800676c   0x000000e6   Code   RO           80    .text.MX_TIM2_Init  tim.o
    0x08006852   0x08006852   0x00000002   PAD
    0x08006854   0x08006854   0x0000006c   Code   RO           84    .text.MX_TIM3_Init  tim.o
    0x080068c0   0x080068c0   0x0000006c   Code   RO           86    .text.MX_TIM4_Init  tim.o
    0x0800692c   0x0800692c   0x0000003c   Code   RO          112    .text.MX_USART1_UART_Init  usart.o
    0x08006968   0x08006968   0x00000072   Code   RO          177    .text.MX_USB_DEVICE_Init  usb_device.o
    0x080069da   0x080069da   0x00000002   PAD
    0x080069dc   0x080069dc   0x00000002   Code   RO          131    .text.MemManage_Handler  stm32f1xx_it.o
    0x080069de   0x080069de   0x00000002   PAD
    0x080069e0   0x080069e0   0x00000002   Code   RO          127    .text.NMI_Handler   stm32f1xx_it.o
    0x080069e2   0x080069e2   0x00000002   PAD
    0x080069e4   0x080069e4   0x0000002a   Code   RO         1648    .text.PID_balance_init  pid.o
    0x08006a0e   0x08006a0e   0x00000002   PAD
    0x08006a10   0x08006a10   0x0000003a   Code   RO         1646    .text.PID_speed_init  pid.o
    0x08006a4a   0x08006a4a   0x00000002   PAD
    0x08006a4c   0x08006a4c   0x00000002   Code   RO          141    .text.PendSV_Handler  stm32f1xx_it.o
    0x08006a4e   0x08006a4e   0x00000002   PAD
    0x08006a50   0x08006a50   0x00000002   Code   RO          137    .text.SVC_Handler   stm32f1xx_it.o
    0x08006a52   0x08006a52   0x00000002   PAD
    0x08006a54   0x08006a54   0x00000004   Code   RO          143    .text.SysTick_Handler  stm32f1xx_it.o
    0x08006a58   0x08006a58   0x00000002   Code   RO         1389    .text.SystemInit    system_stm32f1xx.o
    0x08006a5a   0x08006a5a   0x00000002   PAD
    0x08006a5c   0x08006a5c   0x0000000c   Code   RO          149    .text.TIM1_BRK_IRQHandler  stm32f1xx_it.o
    0x08006a68   0x08006a68   0x0000000c   Code   RO          153    .text.TIM1_TRG_COM_IRQHandler  stm32f1xx_it.o
    0x08006a74   0x08006a74   0x0000000c   Code   RO          151    .text.TIM1_UP_IRQHandler  stm32f1xx_it.o
    0x08006a80   0x08006a80   0x0000000c   Code   RO          155    .text.TIM2_IRQHandler  stm32f1xx_it.o
    0x08006a8c   0x08006a8c   0x0000000c   Code   RO         1349    .text.UART_DMAAbortOnError  stm32f1xx_hal_uart.o
    0x08006a98   0x08006a98   0x000000fe   Code   RO         1347    .text.UART_Receive_IT  stm32f1xx_hal_uart.o
    0x08006b96   0x08006b96   0x00000002   PAD
    0x08006b98   0x08006b98   0x0000000c   Code   RO          159    .text.USART1_IRQHandler  stm32f1xx_it.o
    0x08006ba4   0x08006ba4   0x00000050   Code   RO         1503    .text.USBD_CDC_DataIn  usbd_cdc.o
    0x08006bf4   0x08006bf4   0x00000030   Code   RO         1505    .text.USBD_CDC_DataOut  usbd_cdc.o
    0x08006c24   0x08006c24   0x00000042   Code   RO         1497    .text.USBD_CDC_DeInit  usbd_cdc.o
    0x08006c66   0x08006c66   0x00000002   PAD
    0x08006c68   0x08006c68   0x0000002c   Code   RO         1501    .text.USBD_CDC_EP0_RxReady  usbd_cdc.o
    0x08006c94   0x08006c94   0x00000010   Code   RO         1513    .text.USBD_CDC_GetDeviceQualifierDescriptor  usbd_cdc.o
    0x08006ca4   0x08006ca4   0x00000010   Code   RO         1509    .text.USBD_CDC_GetFSCfgDesc  usbd_cdc.o
    0x08006cb4   0x08006cb4   0x00000010   Code   RO         1507    .text.USBD_CDC_GetHSCfgDesc  usbd_cdc.o
    0x08006cc4   0x08006cc4   0x00000010   Code   RO         1511    .text.USBD_CDC_GetOtherSpeedCfgDesc  usbd_cdc.o
    0x08006cd4   0x08006cd4   0x00000082   Code   RO         1495    .text.USBD_CDC_Init  usbd_cdc.o
    0x08006d56   0x08006d56   0x00000002   PAD
    0x08006d58   0x08006d58   0x0000002c   Code   RO         1523    .text.USBD_CDC_ReceivePacket  usbd_cdc.o
    0x08006d84   0x08006d84   0x0000000e   Code   RO         1515    .text.USBD_CDC_RegisterInterface  usbd_cdc.o
    0x08006d92   0x08006d92   0x00000002   PAD
    0x08006d94   0x08006d94   0x0000000c   Code   RO         1519    .text.USBD_CDC_SetRxBuffer  usbd_cdc.o
    0x08006da0   0x08006da0   0x00000010   Code   RO         1517    .text.USBD_CDC_SetTxBuffer  usbd_cdc.o
    0x08006db0   0x08006db0   0x000000c6   Code   RO         1499    .text.USBD_CDC_Setup  usbd_cdc.o
    0x08006e76   0x08006e76   0x00000002   PAD
    0x08006e78   0x08006e78   0x0000003e   Code   RO         1521    .text.USBD_CDC_TransmitPacket  usbd_cdc.o
    0x08006eb6   0x08006eb6   0x00000002   PAD
    0x08006eb8   0x08006eb8   0x0000000e   Code   RO         1418    .text.USBD_ClrClassConfig  usbd_core.o
    0x08006ec6   0x08006ec6   0x00000002   PAD
    0x08006ec8   0x08006ec8   0x00000010   Code   RO         1479    .text.USBD_CtlContinueRx  usbd_ioreq.o
    0x08006ed8   0x08006ed8   0x00000010   Code   RO         1475    .text.USBD_CtlContinueSendData  usbd_ioreq.o
    0x08006ee8   0x08006ee8   0x00000016   Code   RO         1454    .text.USBD_CtlError  usbd_ctlreq.o
    0x08006efe   0x08006efe   0x00000002   PAD
    0x08006f00   0x08006f00   0x0000001a   Code   RO         1477    .text.USBD_CtlPrepareRx  usbd_ioreq.o
    0x08006f1a   0x08006f1a   0x00000002   PAD
    0x08006f1c   0x08006f1c   0x00000016   Code   RO         1483    .text.USBD_CtlReceiveStatus  usbd_ioreq.o
    0x08006f32   0x08006f32   0x00000002   PAD
    0x08006f34   0x08006f34   0x0000001a   Code   RO         1473    .text.USBD_CtlSendData  usbd_ioreq.o
    0x08006f4e   0x08006f4e   0x00000002   PAD
    0x08006f50   0x08006f50   0x00000016   Code   RO         1481    .text.USBD_CtlSendStatus  usbd_ioreq.o
    0x08006f66   0x08006f66   0x00000002   PAD
    0x08006f68   0x08006f68   0x00000024   Code   RO          196    .text.USBD_FS_ConfigStrDescriptor  usbd_desc.o
    0x08006f8c   0x08006f8c   0x0000000e   Code   RO          186    .text.USBD_FS_DeviceDescriptor  usbd_desc.o
    0x08006f9a   0x08006f9a   0x00000002   PAD
    0x08006f9c   0x08006f9c   0x00000028   Code   RO          198    .text.USBD_FS_InterfaceStrDescriptor  usbd_desc.o
    0x08006fc4   0x08006fc4   0x0000000e   Code   RO          188    .text.USBD_FS_LangIDStrDescriptor  usbd_desc.o
    0x08006fd2   0x08006fd2   0x00000002   PAD
    0x08006fd4   0x08006fd4   0x0000002c   Code   RO          190    .text.USBD_FS_ManufacturerStrDescriptor  usbd_desc.o
    0x08007000   0x08007000   0x00000030   Code   RO          192    .text.USBD_FS_ProductStrDescriptor  usbd_desc.o
    0x08007030   0x08007030   0x00000170   Code   RO          194    .text.USBD_FS_SerialStrDescriptor  usbd_desc.o
    0x080071a0   0x080071a0   0x000000d2   Code   RO         1462    .text.USBD_GetString  usbd_ctlreq.o
    0x08007272   0x08007272   0x00000002   PAD
    0x08007274   0x08007274   0x00000030   Code   RO         1404    .text.USBD_Init     usbd_core.o
    0x080072a4   0x080072a4   0x00000022   Code   RO          279    .text.USBD_LL_ClearStallEP  usbd_conf.o
    0x080072c6   0x080072c6   0x00000002   PAD
    0x080072c8   0x080072c8   0x00000022   Code   RO          273    .text.USBD_LL_CloseEP  usbd_conf.o
    0x080072ea   0x080072ea   0x00000002   PAD
    0x080072ec   0x080072ec   0x000000ca   Code   RO         1424    .text.USBD_LL_DataInStage  usbd_core.o
    0x080073b6   0x080073b6   0x00000002   PAD
    0x080073b8   0x080073b8   0x0000007c   Code   RO         1422    .text.USBD_LL_DataOutStage  usbd_core.o
    0x08007434   0x08007434   0x00000008   Code   RO          289    .text.USBD_LL_GetRxDataSize  usbd_conf.o
    0x0800743c   0x0800743c   0x00000086   Code   RO          263    .text.USBD_LL_Init  usbd_conf.o
    0x080074c2   0x080074c2   0x00000002   PAD
    0x080074c4   0x080074c4   0x0000002a   Code   RO          281    .text.USBD_LL_IsStallEP  usbd_conf.o
    0x080074ee   0x080074ee   0x00000002   PAD
    0x080074f0   0x080074f0   0x00000028   Code   RO          271    .text.USBD_LL_OpenEP  usbd_conf.o
    0x08007518   0x08007518   0x00000022   Code   RO          287    .text.USBD_LL_PrepareReceive  usbd_conf.o
    0x0800753a   0x0800753a   0x00000002   PAD
    0x0800753c   0x0800753c   0x00000054   Code   RO         1426    .text.USBD_LL_Reset  usbd_core.o
    0x08007590   0x08007590   0x00000014   Code   RO         1432    .text.USBD_LL_Resume  usbd_core.o
    0x080075a4   0x080075a4   0x0000001c   Code   RO         1434    .text.USBD_LL_SOF   usbd_core.o
    0x080075c0   0x080075c0   0x00000008   Code   RO         1428    .text.USBD_LL_SetSpeed  usbd_core.o
    0x080075c8   0x080075c8   0x00000022   Code   RO          283    .text.USBD_LL_SetUSBAddress  usbd_conf.o
    0x080075ea   0x080075ea   0x00000002   PAD
    0x080075ec   0x080075ec   0x0000005c   Code   RO         1420    .text.USBD_LL_SetupStage  usbd_core.o
    0x08007648   0x08007648   0x00000022   Code   RO          277    .text.USBD_LL_StallEP  usbd_conf.o
    0x0800766a   0x0800766a   0x00000002   PAD
    0x0800766c   0x0800766c   0x00000022   Code   RO          267    .text.USBD_LL_Start  usbd_conf.o
    0x0800768e   0x0800768e   0x00000002   PAD
    0x08007690   0x08007690   0x00000014   Code   RO         1430    .text.USBD_LL_Suspend  usbd_core.o
    0x080076a4   0x080076a4   0x00000022   Code   RO          285    .text.USBD_LL_Transmit  usbd_conf.o
    0x080076c6   0x080076c6   0x00000002   PAD
    0x080076c8   0x080076c8   0x00000016   Code   RO         1460    .text.USBD_ParseSetupRequest  usbd_ctlreq.o
    0x080076de   0x080076de   0x00000002   PAD
    0x080076e0   0x080076e0   0x0000000e   Code   RO         1408    .text.USBD_RegisterClass  usbd_core.o
    0x080076ee   0x080076ee   0x00000002   PAD
    0x080076f0   0x080076f0   0x0000001c   Code   RO         1416    .text.USBD_SetClassConfig  usbd_core.o
    0x0800770c   0x0800770c   0x0000000a   Code   RO         1410    .text.USBD_Start    usbd_core.o
    0x08007716   0x08007716   0x00000002   PAD
    0x08007718   0x08007718   0x000002ea   Code   RO         1452    .text.USBD_StdDevReq  usbd_ctlreq.o
    0x08007a02   0x08007a02   0x00000002   PAD
    0x08007a04   0x08007a04   0x00000148   Code   RO         1458    .text.USBD_StdEPReq  usbd_ctlreq.o
    0x08007b4c   0x08007b4c   0x00000054   Code   RO         1456    .text.USBD_StdItfReq  usbd_ctlreq.o
    0x08007ba0   0x08007ba0   0x00000002   Code   RO          295    .text.USBD_static_free  usbd_conf.o
    0x08007ba2   0x08007ba2   0x00000002   PAD
    0x08007ba4   0x08007ba4   0x0000000a   Code   RO          293    .text.USBD_static_malloc  usbd_conf.o
    0x08007bae   0x08007bae   0x00000002   PAD
    0x08007bb0   0x08007bb0   0x0000027c   Code   RO          429    .text.USB_ActivateEndpoint  stm32f1xx_ll_usb.o
    0x08007e2c   0x08007e2c   0x00000004   Code   RO          415    .text.USB_CoreInit  stm32f1xx_ll_usb.o
    0x08007e30   0x08007e30   0x000000de   Code   RO          431    .text.USB_DeactivateEndpoint  stm32f1xx_ll_usb.o
    0x08007f0e   0x08007f0e   0x00000002   PAD
    0x08007f10   0x08007f10   0x00000004   Code   RO          447    .text.USB_DevConnect  stm32f1xx_ll_usb.o
    0x08007f14   0x08007f14   0x00000004   Code   RO          449    .text.USB_DevDisconnect  stm32f1xx_ll_usb.o
    0x08007f18   0x08007f18   0x0000001a   Code   RO          423    .text.USB_DevInit   stm32f1xx_ll_usb.o
    0x08007f32   0x08007f32   0x00000002   PAD
    0x08007f34   0x08007f34   0x00000014   Code   RO          419    .text.USB_DisableGlobalInt  stm32f1xx_ll_usb.o
    0x08007f48   0x08007f48   0x00000004   Code   RO          463    .text.USB_EP0_OutStart  stm32f1xx_ll_usb.o
    0x08007f4c   0x08007f4c   0x00000074   Code   RO          439    .text.USB_EPClearStall  stm32f1xx_ll_usb.o
    0x08007fc0   0x08007fc0   0x00000032   Code   RO          437    .text.USB_EPSetStall  stm32f1xx_ll_usb.o
    0x08007ff2   0x08007ff2   0x00000002   PAD
    0x08007ff4   0x08007ff4   0x00000832   Code   RO          433    .text.USB_EPStartXfer  stm32f1xx_ll_usb.o
    0x08008826   0x08008826   0x00000002   PAD
    0x08008828   0x08008828   0x00000012   Code   RO          417    .text.USB_EnableGlobalInt  stm32f1xx_ll_usb.o
    0x0800883a   0x0800883a   0x00000002   PAD
    0x0800883c   0x0800883c   0x0000000c   Code   RO          147    .text.USB_LP_CAN1_RX0_IRQHandler  stm32f1xx_it.o
    0x08008848   0x08008848   0x00000006   Code   RO          451    .text.USB_ReadInterrupts  stm32f1xx_ll_usb.o
    0x0800884e   0x0800884e   0x00000002   PAD
    0x08008850   0x08008850   0x000000b4   Code   RO          469    .text.USB_ReadPMA   stm32f1xx_ll_usb.o
    0x08008904   0x08008904   0x00000004   Code   RO          421    .text.USB_SetCurrentMode  stm32f1xx_ll_usb.o
    0x08008908   0x08008908   0x0000000e   Code   RO          445    .text.USB_SetDevAddress  stm32f1xx_ll_usb.o
    0x08008916   0x08008916   0x00000002   PAD
    0x08008918   0x08008918   0x0000009a   Code   RO          435    .text.USB_WritePMA  stm32f1xx_ll_usb.o
    0x080089b2   0x080089b2   0x00000002   PAD
    0x080089b4   0x080089b4   0x00000002   Code   RO          135    .text.UsageFault_Handler  stm32f1xx_it.o
    0x080089b6   0x080089b6   0x00000002   PAD
    0x080089b8   0x080089b8   0x00000a3c   Code   RO           11    .text.main          main.o
    0x080093f4   0x080093f4   0x00000050   Code   RO         1619    .text.mpu_acc_x     mpu6050.o
    0x08009444   0x08009444   0x00000050   Code   RO         1623    .text.mpu_acc_z     mpu6050.o
    0x08009494   0x08009494   0x00000088   Code   RO         1617    .text.mpu_begin     mpu6050.o
    0x0800951c   0x0800951c   0x00000050   Code   RO         1629    .text.mpu_gy_y      mpu6050.o
    0x0800956c   0x0800956c   0x00000014   Code   RO         1658    .text.position_PID  pid.o
    0x08009580   0x08009580   0x000000cc   Code   RO         1671    .text.update_filtered_acc  cacul+filter.o
    0x0800964c   0x0800964c   0x00000002   Code   RO         1677    .text.update_filtered_x_acc  cacul+filter.o
    0x0800964e   0x0800964e   0x00000002   PAD
    0x08009650   0x08009650   0x00000002   Code   RO         1675    .text.update_filtered_z_acc  cacul+filter.o
    0x08009652   0x08009652   0x00000002   PAD
    0x08009654   0x08009654   0x00000068   Code   RO          223    .text.usb_printf    usbd_cdc_if.o
    0x080096bc   0x080096bc   0x00000034   Code   RO         1715    i.__0vsnprintf      mc_w.l(printfa.o)
    0x080096f0   0x080096f0   0x00000028   Code   RO         1858    i.__ARM_fpclassify  m_ws.l(fpclassify.o)
    0x08009718   0x08009718   0x000000aa   Code   RO         1860    i.__kernel_poly     m_ws.l(poly.o)
    0x080097c2   0x080097c2   0x00000006   Code   RO         1784    i.__mathlib_dbl_infnan  m_ws.l(dunder.o)
    0x080097c8   0x080097c8   0x00000004   Code   RO         1785    i.__mathlib_dbl_infnan2  m_ws.l(dunder.o)
    0x080097cc   0x080097cc   0x00000010   Code   RO         1789    i.__mathlib_dbl_underflow  m_ws.l(dunder.o)
    0x080097dc   0x080097dc   0x0000000e   Code   RO         1879    i.__scatterload_copy  mc_w.l(handlers.o)
    0x080097ea   0x080097ea   0x00000002   Code   RO         1880    i.__scatterload_null  mc_w.l(handlers.o)
    0x080097ec   0x080097ec   0x0000000e   Code   RO         1881    i.__scatterload_zeroinit  mc_w.l(handlers.o)
    0x080097fa   0x080097fa   0x00000002   PAD
    0x080097fc   0x080097fc   0x0000000c   Code   RO         1836    i.__set_errno       mc_w.l(errno.o)
    0x08009808   0x08009808   0x00000184   Code   RO         1717    i._fp_digits        mc_w.l(printfa.o)
    0x0800998c   0x0800998c   0x000006dc   Code   RO         1718    i._printf_core      mc_w.l(printfa.o)
    0x0800a068   0x0800a068   0x00000024   Code   RO         1719    i._printf_post_padding  mc_w.l(printfa.o)
    0x0800a08c   0x0800a08c   0x0000002e   Code   RO         1720    i._printf_pre_padding  mc_w.l(printfa.o)
    0x0800a0ba   0x0800a0ba   0x00000016   Code   RO         1721    i._snputc           mc_w.l(printfa.o)
    0x0800a0d0   0x0800a0d0   0x00000220   Code   RO         1779    i.atan              m_ws.l(atan.o)
    0x0800a2f0   0x0800a2f0   0x0000019c   Code   RO         1699    i.atan2             m_ws.l(atan2.o)
    0x0800a48c   0x0800a48c   0x00000004   PAD
    0x0800a490   0x0800a490   0x00000098   Data   RO         1780    .constdata          m_ws.l(atan.o)
    0x0800a528   0x0800a528   0x00000008   Data   RO         1797    .constdata          m_ws.l(qnan.o)
    0x0800a530   0x0800a530   0x00000040   Data   RO         1875    .constdata          mc_w.l(ctype_c.o)
    0x0800a570   0x0800a570   0x00000010   Data   RO         1394    .rodata.AHBPrescTable  system_stm32f1xx.o
    0x0800a580   0x0800a580   0x00000008   Data   RO         1395    .rodata.APBPrescTable  system_stm32f1xx.o
    0x0800a588   0x0800a588   0x00000002   Data   RO          568    .rodata.HAL_RCC_GetSysClockFreq.aPredivFactorTable  stm32f1xx_hal_rcc.o
    0x0800a58a   0x0800a58a   0x00000010   Data   RO          567    .rodata.cst16       stm32f1xx_hal_rcc.o
    0x0800a59a   0x0800a59a   0x00000017   Data   RO           32    .rodata.str1.1      main.o
    0x0800a5b1   0x0800a5b1   0x0000003a   Data   RO         1637    .rodata.str1.1      mpu6050.o
    0x0800a5eb   0x0800a5eb   0x00000001   PAD
    0x0800a5ec   0x0800a5ec   0x00000020   Data   RO         1878    Region$$Table       anon$$obj.o


    Execution Region RW_IRAM1 (Exec base: 0x20000000, Load base: 0x0800a610, Size: 0x00004d38, Max: 0x00005000, ABSOLUTE, COMPRESSED[0x000000d0])

    Exec Addr    Load Addr    Size         Type   Attr      Idx    E Section Name        Object

    0x20000000   COMPRESSED   0x00000004   Data   RW         1837    .data               mc_w.l(errno.o)
    0x20000004   COMPRESSED   0x00000008   Data   RW           43    .data..L_MergedGlobals  main.o
    0x2000000c   COMPRESSED   0x00000008   Data   RW          530    .data..L_MergedGlobals  stm32f1xx_hal.o
    0x20000014   COMPRESSED   0x0000001c   Data   RW          200    .data.FS_Desc       usbd_desc.o
    0x20000030   COMPRESSED   0x00000004   Data   RW         1393    .data.SystemCoreClock  system_stm32f1xx.o
    0x20000034   COMPRESSED   0x00000038   Data   RW         1525    .data.USBD_CDC      usbd_cdc.o
    0x2000006c   COMPRESSED   0x00000043   Data   RW         1527    .data.USBD_CDC_CfgFSDesc  usbd_cdc.o
    0x200000af   COMPRESSED   0x00000001   PAD
    0x200000b0   COMPRESSED   0x00000043   Data   RW         1526    .data.USBD_CDC_CfgHSDesc  usbd_cdc.o
    0x200000f3   COMPRESSED   0x00000001   PAD
    0x200000f4   COMPRESSED   0x0000000a   Data   RW         1529    .data.USBD_CDC_DeviceQualifierDesc  usbd_cdc.o
    0x200000fe   COMPRESSED   0x00000002   PAD
    0x20000100   COMPRESSED   0x00000043   Data   RW         1528    .data.USBD_CDC_OtherSpeedCfgDesc  usbd_cdc.o
    0x20000143   COMPRESSED   0x00000001   PAD
    0x20000144   COMPRESSED   0x00000012   Data   RW          201    .data.USBD_FS_DeviceDesc  usbd_desc.o
    0x20000156   COMPRESSED   0x00000002   PAD
    0x20000158   COMPRESSED   0x00000010   Data   RW          226    .data.USBD_Interface_fops_FS  usbd_cdc_if.o
    0x20000168   COMPRESSED   0x00000004   Data   RW          202    .data.USBD_LangIDDesc  usbd_desc.o
    0x2000016c   COMPRESSED   0x0000001a   Data   RW          203    .data.USBD_StringSerial  usbd_desc.o
    0x20000186   COMPRESSED   0x00000002   PAD
    0x20000188   COMPRESSED   0x00000004   Data   RW           29    .data.pulses_per_rev  main.o
    0x2000018c   COMPRESSED   0x00000004   PAD
    0x20000190        -       0x00000014   Zero   RW         1680    .bss..L_MergedGlobals  cacul+filter.o
    0x200001a4   COMPRESSED   0x00000004   PAD
    0x200001a8        -       0x00000078   Zero   RW           44    .bss..L_MergedGlobals.5  main.o
    0x20000220        -       0x00000012   Zero   RW           45    .bss..L_MergedGlobals.6  main.o
    0x20000232   COMPRESSED   0x00000002   PAD
    0x20000234        -       0x00000024   Zero   RW         1661    .bss.BalancePID     pid.o
    0x20000258        -       0x00000024   Zero   RW         1662    .bss.PositionPID    pid.o
    0x2000027c        -       0x00000024   Zero   RW         1660    .bss.SpeedPID       pid.o
    0x200002a0        -       0x00000001   Zero   RW         1464    .bss.USBD_SetConfig.cfgidx  usbd_ctlreq.o
    0x200002a1   COMPRESSED   0x00000003   PAD
    0x200002a4        -       0x00000200   Zero   RW          204    .bss.USBD_StrDesc   usbd_desc.o
    0x200004a4        -       0x00000220   Zero   RW          300    .bss.USBD_static_malloc.mem  usbd_conf.o
    0x200006c4        -       0x00002714   Zero   RW          225    .bss.USB_COM        usbd_cdc_if.o
    0x20002dd8        -       0x00000400   Zero   RW          228    .bss.UserRxBufferFS  usbd_cdc_if.o
    0x200031d8        -       0x00000400   Zero   RW          227    .bss.UserTxBufferFS  usbd_cdc_if.o
    0x200035d8        -       0x000002c4   Zero   RW          179    .bss.hUsbDeviceFS   usb_device.o
    0x2000389c        -       0x00000054   Zero   RW           69    .bss.hi2c2          i2c.o
    0x200038f0        -       0x000002d8   Zero   RW          299    .bss.hpcd_USB_FS    usbd_conf.o
    0x20003bc8        -       0x00000048   Zero   RW          100    .bss.htim1          tim.o
    0x20003c10        -       0x00000048   Zero   RW          101    .bss.htim2          tim.o
    0x20003c58        -       0x00000048   Zero   RW          102    .bss.htim3          tim.o
    0x20003ca0        -       0x00000048   Zero   RW          103    .bss.htim4          tim.o
    0x20003ce8        -       0x00000048   Zero   RW          118    .bss.huart1         usart.o
    0x20003d30        -       0x00000004   Zero   RW          529    .bss.uwTick         stm32f1xx_hal.o
    0x20003d34   COMPRESSED   0x00000004   PAD
    0x20003d38        -       0x00001000   Zero   RW            1    STACK               startup_stm32f103xb.o


==============================================================================

Image component sizes


      Code (inc. data)   RO Data    RW Data    ZI Data      Debug   Object Name

       208          0          0          0         20       1660   cacul+filter.o
       226          0          0          0          0       2666   gpio.o
       190          0          0          0         84       5605   i2c.o
      1106          0          0          0          0       4102   iic.o
      3458        108         23         12        138      15026   main.o
      1276         44         58          0          0      12027   mpu6050.o
       120          0          0          0        108       2460   pid.o
        36          8        236          0       4096        776   startup_stm32f103xb.o
       188          0          0          8          4       5745   stm32f1xx_hal.o
       196          0          0          0          0       8400   stm32f1xx_hal_cortex.o
       258          0          0          0          0       8548   stm32f1xx_hal_dma.o
       570         22          0          0          0       4742   stm32f1xx_hal_gpio.o
      6588         16          0          0          0      45094   stm32f1xx_hal_i2c.o
        66          0          0          0          0       1186   stm32f1xx_hal_msp.o
      3534          0          0          0          0      17455   stm32f1xx_hal_pcd.o
        76          0          0          0          0       4138   stm32f1xx_hal_pcd_ex.o
      1542          0         18          0          0       8053   stm32f1xx_hal_rcc.o
       258          0          0          0          0       3657   stm32f1xx_hal_rcc_ex.o
      2822          6          0          0          0      58557   stm32f1xx_hal_tim.o
       130          0          0          0          0      21198   stm32f1xx_hal_tim_ex.o
      1974          0          0          0          0      33138   stm32f1xx_hal_uart.o
       110          0          0          0          0       9462   stm32f1xx_it.o
      3560          6          0          0          0      23351   stm32f1xx_ll_usb.o
         2          0         24          4          0       1564   system_stm32f1xx.o
       910          0          0          0        288      10157   tim.o
       202          0          0          0         72       5417   usart.o
       114          0          0          0        708       2904   usb_device.o
       778          0          0        267          0      10171   usbd_cdc.o
       226          0          0         16      12052       5398   usbd_cdc_if.o
       690          0          0          0       1272      16143   usbd_conf.o
       692          0          0          0          0       7913   usbd_core.o
      1412         40          0          0          1       9200   usbd_ctlreq.o
       564         72          0         76        512       4131   usbd_desc.o
       128          0          0          0          0       4404   usbd_ioreq.o

    ----------------------------------------------------------------------
     34476        322        392        392      19372     374448   Object Totals
         0          0         32          0          0          0   (incl. Generated)
       266          0          1          9         17          0   (incl. Padding)

    ----------------------------------------------------------------------

      Code (inc. data)   RO Data    RW Data    ZI Data      Debug   Library Member Name

       544         70        152          0          0        124   atan.o
       412         38          0          0          0        144   atan2.o
        26          6          0          0          0        204   dunder.o
        40          0          0          0          0         68   fpclassify.o
       170          0          0          0          0         96   poly.o
         0          0          8          0          0          0   qnan.o
        56          8          0          0          0         84   __0sscanf.o
        86          0          0          0          0          0   __dczerorl2.o
        28          0          0          0          0         68   _chval.o
       812          4          0          0          0        112   _scanf.o
       332          0          0          0          0         96   _scanf_int.o
        64          0          0          0          0         84   _sgetc.o
        40          6         64          0          0         68   ctype_c.o
         0          0          0          0          0          0   entry.o
         0          0          0          0          0          0   entry10a.o
         0          0          0          0          0          0   entry11a.o
         8          4          0          0          0          0   entry2.o
         4          0          0          0          0          0   entry5.o
         0          0          0          0          0          0   entry7b.o
         0          0          0          0          0          0   entry8b.o
         8          4          0          0          0          0   entry9a.o
        12          6          0          4          0         68   errno.o
        30          0          0          0          0          0   handlers.o
        48         10          0          0          0         68   init.o
        10          0          0          0          0         68   isspace_c.o
         0          0          0          0          0          0   iusefp.o
        30          0          0          0          0         68   llshl.o
        36          0          0          0          0         68   llsshr.o
        32          0          0          0          0         68   llushr.o
        36          0          0          0          0         68   memcpya.o
      2300         86          0          0          0        516   printfa.o
        40          8          0          0          0         84   scanf_char.o
        44          0          0          0          0         80   uidiv.o
        98          0          0          0          0         92   uldiv.o
        48          0          0          0          0         68   cdcmple.o
        48          0          0          0          0         68   cdrcmple.o
        56          0          0          0          0         88   d2f.o
       334          0          0          0          0        148   dadd.o
       222          0          0          0          0        100   ddiv.o
       186          0          0          0          0        176   depilogue.o
        48          0          0          0          0         68   dfixul.o
        34          0          0          0          0         76   dflti.o
       228          0          0          0          0         96   dmul.o
        46          0          0          0          0         80   dscalb.o
        38          0          0          0          0         68   f2d.o
       176          0          0          0          0        140   fadd.o
        28          0          0          0          0         68   fcmpeq.o
        28          0          0          0          0         68   fcmpge.o
        28          0          0          0          0         68   fcmpgt.o
        28          0          0          0          0         68   fcmple.o
        28          0          0          0          0         68   fcmplt.o
       124          0          0          0          0         88   fdiv.o
       110          0          0          0          0        168   fepilogue.o
        50          0          0          0          0         68   ffixi.o
        40          0          0          0          0         68   ffixui.o
        18          0          0          0          0         68   fflti.o
        10          0          0          0          0         68   ffltui.o
       100          0          0          0          0         76   fmul.o

    ----------------------------------------------------------------------
      7416        254        224          4          0       4516   Library Totals
        14          4          0          0          0          0   (incl. Padding)

    ----------------------------------------------------------------------

      Code (inc. data)   RO Data    RW Data    ZI Data      Debug   Library Name

      1192        114        160          0          0        636   m_ws.l
      4154        136         64          4          0       1760   mc_w.l
      2056          0          0          0          0       2120   mf_w.l

    ----------------------------------------------------------------------
      7416        254        224          4          0       4516   Library Totals

    ----------------------------------------------------------------------

==============================================================================


      Code (inc. data)   RO Data    RW Data    ZI Data      Debug   

     41892        576        616        396      19372     375956   Grand Totals
     41892        576        616        208      19372     375956   ELF Image Totals (compressed)
     41892        576        616        208          0          0   ROM Totals

==============================================================================

    Total RO  Size (Code + RO Data)                42508 (  41.51kB)
    Total RW  Size (RW Data + ZI Data)             19768 (  19.30kB)
    Total ROM Size (Code + RO Data + RW Data)      42716 (  41.71kB)

==============================================================================

